MPLINK 4.40, Linker
Linker Map File - Created Thu Mar 07 11:05:59 2019

                                 Section Info
                  Section       Type    Address   Location Size(Bytes)
                ---------  ---------  ---------  ---------  ---------
               _entry_scn       code   0x000000    program   0x000006
           .code___init.o       code   0x000006    program   0x000002
               highVector       code   0x000008    program   0x000006
         .idata_c018i.o_i    romdata   0x00000e    program   0x000000
        .idata___init.o_i    romdata   0x00000e    program   0x000000
       .idata_fxm3232.o_i    romdata   0x00000e    program   0x000000
      .idata_fxd0808u.o_i    romdata   0x00000e    program   0x000000
     .idata_TimeDelay.o_i    romdata   0x00000e    program   0x000000
            .idata_RF.o_i    romdata   0x00000e    program   0x000002
           .idata_Can.o_i    romdata   0x000010    program   0x000004
       .idata_Console.o_i    romdata   0x000010    program   0x000000
            .code_c018i.o       code   0x000014    program   0x000000
                lowVector       code   0x000018    program   0x000006
                   .cinit    romdata   0x00001e    program   0x000032
          .code_control.o       code   0x000050    program   0x00131e
               .code_RF.o       code   0x00136e    program   0x00090a
              .code_Can.o       code   0x001c78    program   0x000714
                   STDLIB       code   0x00238c    program   0x0003d2
            .code_swI2C.o       code   0x00275e    program   0x0002be
        .code_TimeDelay.o       code   0x002a1c    program   0x000224
          .code_Console.o       code   0x002c40    program   0x0001d0
             .stringtable    romdata   0x002e10    program   0x0000fb
        .romdata___init.o    romdata   0x002f0b    program   0x000000
        .romdata_t2open.o    romdata   0x002f0b    program   0x000000
        .idata_t2open.o_i    romdata   0x002f0b    program   0x000000
       .romdata_fxm3232.o    romdata   0x002f0b    program   0x000000
           .romdata_Can.o    romdata   0x002f0b    program   0x000000
      .romdata_fxd0808u.o    romdata   0x002f0b    program   0x000000
     .romdata_TimeDelay.o    romdata   0x002f0b    program   0x000000
         .romdata_swI2C.o    romdata   0x002f0b    program   0x000000
         .idata_swI2C.o_i    romdata   0x002f0b    program   0x000001
         .romdata_c018i.o    romdata   0x002f0b    program   0x000000
               _cinit_scn       code   0x002f0c    program   0x00009e
          .code_fxm3232.o       code   0x002faa    program   0x000070
                     PROG       code   0x00301a    program   0x00003c
           .code_t2open.o       code   0x003056    program   0x000036
                   STRING       code   0x00308c    program   0x000034
       .romdata_control.o    romdata   0x0030c0    program   0x000028
                    .code       code   0x0030e8    program   0x000020
             _startup_scn       code   0x003108    program   0x00001c
         .code_fxd0808u.o       code   0x003124    program   0x00001c
              D10TCYXCODE       code   0x003140    program   0x000016
            .romdata_RF.o    romdata   0x003156    program   0x000012
       .romdata_Console.o    romdata   0x003168    program   0x000010
       .idata_control.o_i    romdata   0x003178    program   0x000015
 .config_300001_control.o    romdata   0x300001    program   0x000001
 .config_300002_control.o    romdata   0x300002    program   0x000001
 .config_300003_control.o    romdata   0x300003    program   0x000001
 .config_300005_control.o    romdata   0x300005    program   0x000001
 .config_300006_control.o    romdata   0x300006    program   0x000001
 .config_300008_control.o    romdata   0x300008    program   0x000001
 .config_300009_control.o    romdata   0x300009    program   0x000001
 .config_30000a_control.o    romdata   0x30000a    program   0x000001
 .config_30000b_control.o    romdata   0x30000b    program   0x000001
 .config_30000c_control.o    romdata   0x30000c    program   0x000001
 .config_30000d_control.o    romdata   0x30000d    program   0x000001
                MATH_DATA      udata   0x000000       data   0x000014
                 .tmpdata      udata   0x000014       data   0x00000f
              HighISR_tmp      udata   0x000023       data   0x000004
             .udata_Can.o      udata   0x000060       data   0x000070
         .idata_control.o      idata   0x0000d0       data   0x000015
             .idata_Can.o      idata   0x0000e5       data   0x000004
           .idata_swI2C.o      idata   0x0000e9       data   0x000001
        .udata_fxd0808u.o      udata   0x0000ea       data   0x000000
        .idata_fxd0808u.o      idata   0x0000ea       data   0x000000
         .udata_fxm3232.o      udata   0x0000ea       data   0x000000
         .idata_fxm3232.o      idata   0x0000ea       data   0x000000
          .udata_t2open.o      udata   0x0000ea       data   0x000000
          .idata_t2open.o      idata   0x0000ea       data   0x000000
          .udata___init.o      udata   0x0000ea       data   0x000000
          .idata___init.o      idata   0x0000ea       data   0x000000
       .idata_TimeDelay.o      idata   0x0000ea       data   0x000000
       .udata_TimeDelay.o      udata   0x0000ea       data   0x000000
           .udata_swI2C.o      udata   0x0000ea       data   0x000000
         .idata_Console.o      idata   0x0000ea       data   0x000000
         .udata_Console.o      udata   0x0000ea       data   0x000000
           .idata_c018i.o      idata   0x0000ea       data   0x000000
         .udata_control.o      udata   0x000100       data   0x0000c2
              .udata_RF.o      udata   0x0001c2       data   0x000032
           .udata_c018i.o      udata   0x0001f4       data   0x00000a
              .idata_RF.o      idata   0x0001fe       data   0x000002
                   .stack      udata   0x000c00       data   0x000100
              SFR_BANKED0      udata   0x000d60       data   0x00000c
              SFR_BANKED1      udata   0x000d70       data   0x00000c
              SFR_BANKED2      udata   0x000d80       data   0x00000c
              SFR_BANKED3      udata   0x000d90       data   0x000004
              SFR_BANKED4      udata   0x000dd4       data   0x000002
              SFR_BANKED5      udata   0x000dd8       data   0x000001
              SFR_BANKED6      udata   0x000de0       data   0x000008
              SFR_BANKED7      udata   0x000df0       data   0x000004
              SFR_BANKED8      udata   0x000df8       data   0x000001
              SFR_BANKED9      udata   0x000dfa       data   0x000001
             SFR_BANKED10      udata   0x000dfc       data   0x000001
             SFR_BANKED11      udata   0x000e20       data   0x000060
             SFR_BANKED12      udata   0x000f00       data   0x000060
            SFR_UNBANKED0      udata   0x000f60       data   0x000018
            SFR_UNBANKED1      udata   0x000f80       data   0x000080



                              Program Memory Usage 
                               Start         End      
                           ---------   ---------      
                            0x000000    0x000013      
                            0x000018    0x00318c      
                            0x300001    0x300003      
                            0x300005    0x300006      
                            0x300008    0x30000d      
            12692 out of 66584 program addresses used, program memory utilization is 19%



                              Symbols - Sorted by Name
                     Name    Address   Location    Storage File                     
                ---------  ---------  ---------  --------- ---------                
                      ACK   0x0028ac    program     extern C:\edocs\uC\ujprojects\szelepvezerlo\src\swI2C.c
                  AFC_cmd   0x003160    program     extern C:\edocs\uC\ujprojects\szelepvezerlo\src\RF.c
                CANDataTx   0x00115e    program     extern C:\edocs\uC\ujprojects\szelepvezerlo\src\control.c
          CANErrorHandler   0x00136c    program     extern C:\edocs\uC\ujprojects\szelepvezerlo\src\control.c
                   CANGet   0x002146    program     extern C:\edocs\uC\ujprojects\szelepvezerlo\src\Can.c
            CANGetMessage   0x001de6    program     extern C:\edocs\uC\ujprojects\szelepvezerlo\src\Can.c
                   CANISR   0x001d10    program     extern C:\edocs\uC\ujprojects\szelepvezerlo\src\Can.c
                  CANOpen   0x001c78    program     extern C:\edocs\uC\ujprojects\szelepvezerlo\src\Can.c
                   CANPut   0x001efa    program     extern C:\edocs\uC\ujprojects\szelepvezerlo\src\Can.c
            CANPutMessage   0x001e6a    program     extern C:\edocs\uC\ujprojects\szelepvezerlo\src\Can.c
    CANRXMessageIsPending   0x00213a    program     extern C:\edocs\uC\ujprojects\szelepvezerlo\src\Can.c
               CANSetMode   0x00235c    program     extern C:\edocs\uC\ujprojects\szelepvezerlo\src\Can.c
               CAN_PCconn   0x0008b8    program     extern C:\edocs\uC\ujprojects\szelepvezerlo\src\control.c
                    CRC16   0x00136e    program     extern C:\edocs\uC\ujprojects\szelepvezerlo\src\RF.c
           CharacterArray   0x003168    program     extern C:\edocs\uC\ujprojects\szelepvezerlo\src\Console.c
        Configuration_cmd   0x003166    program     extern C:\edocs\uC\ujprojects\szelepvezerlo\src\RF.c
               ConsoleGet   0x002cee    program     extern C:\edocs\uC\ujprojects\szelepvezerlo\src\Console.c
              ConsoleInit   0x002c40    program     extern C:\edocs\uC\ujprojects\szelepvezerlo\src\Console.c
               ConsolePut   0x002cc8    program     extern C:\edocs\uC\ujprojects\szelepvezerlo\src\Console.c
      ConsolePutROMString   0x002c56    program     extern C:\edocs\uC\ujprojects\szelepvezerlo\src\Console.c
         ConsolePutString   0x002c90    program     extern C:\edocs\uC\ujprojects\szelepvezerlo\src\Console.c
         ConsoleWriteTime   0x001014    program     extern C:\edocs\uC\ujprojects\szelepvezerlo\src\control.c
                    D10_1   0x003150    program     static C:\MCC18\v3_39\src\traditional\delays\d10tcyx.asm
                     D10x   0x003148    program     static C:\MCC18\v3_39\src\traditional\delays\d10tcyx.asm
          Data_filter_cmd   0x00315e    program     extern C:\edocs\uC\ujprojects\szelepvezerlo\src\RF.c
            Data_rate_cmd   0x003162    program     extern C:\edocs\uC\ujprojects\szelepvezerlo\src\RF.c
              Delay10TCYx   0x003140    program     extern C:\MCC18\v3_39\src\traditional\delays\d10tcyx.asm
                Delay10us   0x002a1c    program     extern C:\edocs\uC\ujprojects\szelepvezerlo\src\TimeDelay.c
                  DelayMs   0x002b32    program     extern C:\edocs\uC\ujprojects\szelepvezerlo\src\TimeDelay.c
                DoCommand   0x000b20    program     extern C:\edocs\uC\ujprojects\szelepvezerlo\src\control.c
                 FIFO_cmd   0x00315c    program     extern C:\edocs\uC\ujprojects\szelepvezerlo\src\RF.c
                 FXD0808U   0x003124    program     extern C:\MCC18\v3_39\src\traditional\math\fxd0808u.c
                 FXM1616U   0x00301a    program     extern C:\MCC18\v3_39\src\traditional\math\fxm1616u.asm
                  FXM3232   0x002faa    program     extern C:\MCC18\v3_39\src\traditional\math\fxm3232.c
                  HighISR   0x0000f4    program     extern C:\edocs\uC\ujprojects\szelepvezerlo\src\control.c
               HighVector   0x000008    program     extern C:\edocs\uC\ujprojects\szelepvezerlo\src\control.c
                   I2CAck   0x00288c    program     extern C:\edocs\uC\ujprojects\szelepvezerlo\src\swI2C.c
               I2CReStart   0x002778    program     extern C:\edocs\uC\ujprojects\szelepvezerlo\src\swI2C.c
              I2CReadByte   0x002926    program     extern C:\edocs\uC\ujprojects\szelepvezerlo\src\swI2C.c
              I2CReadWord   0x002996    program     extern C:\edocs\uC\ujprojects\szelepvezerlo\src\swI2C.c
                 I2CStart   0x00275e    program     extern C:\edocs\uC\ujprojects\szelepvezerlo\src\swI2C.c
                  I2CStop   0x0027a0    program     extern C:\edocs\uC\ujprojects\szelepvezerlo\src\swI2C.c
             I2CWriteByte   0x0028e4    program     extern C:\edocs\uC\ujprojects\szelepvezerlo\src\swI2C.c
              IGNORE_HERE   0x0017a4    program     static                          
             Init_Sensors   0x0008b2    program     extern C:\edocs\uC\ujprojects\szelepvezerlo\src\control.c
                   LowISR   0x000050    program     extern C:\edocs\uC\ujprojects\szelepvezerlo\src\control.c
                  OneByte   0x002618    program     static C:\MCC18\v3_39\src\traditional\stdclib\btobcd.asm
                  OneByte   0x00274c    program     static C:\MCC18\v3_39\src\traditional\stdclib\itobcd.asm
               OpenTimer2   0x003056    program     extern C:\MCC18\v3_39\src\pmc_common\Timers\t2open.c
     Power_management_cmd   0x003156    program     extern C:\edocs\uC\ujprojects\szelepvezerlo\src\RF.c
                PrintChar   0x002cfa    program     extern C:\edocs\uC\ujprojects\szelepvezerlo\src\Console.c
                 PrintDec   0x002d5c    program     extern C:\edocs\uC\ujprojects\szelepvezerlo\src\Console.c
                ProcLower   0x002700    program     static C:\MCC18\v3_39\src\traditional\stdclib\itoa.asm
                ProcLower   0x0025da    program     static C:\MCC18\v3_39\src\traditional\stdclib\btoa.asm
                ProcUpper   0x0026f6    program     static C:\MCC18\v3_39\src\traditional\stdclib\itoa.asm
                ProcUpper   0x0025d0    program     static C:\MCC18\v3_39\src\traditional\stdclib\btoa.asm
              RETURN_HERE   0x001a38    program     static                          
                    RFInt   0x00175e    program     extern C:\edocs\uC\ujprojects\szelepvezerlo\src\RF.c
                  RF_init   0x001558    program     extern C:\edocs\uC\ujprojects\szelepvezerlo\src\RF.c
                  ReadI2C   0x00281c    program     extern C:\edocs\uC\ujprojects\szelepvezerlo\src\swI2C.c
     Receiver_control_cmd   0x003158    program     extern C:\edocs\uC\ujprojects\szelepvezerlo\src\RF.c
                   SPIGet   0x001454    program     extern C:\edocs\uC\ujprojects\szelepvezerlo\src\RF.c
                SPIGet_sw   0x00145e    program     extern C:\edocs\uC\ujprojects\szelepvezerlo\src\RF.c
                   SPIPut   0x00142a    program     extern C:\edocs\uC\ujprojects\szelepvezerlo\src\RF.c
                SPIPut_sw   0x0014b6    program     extern C:\edocs\uC\ujprojects\szelepvezerlo\src\RF.c
            SensorAddress   0x0030c8    program     extern C:\edocs\uC\ujprojects\szelepvezerlo\src\control.c
                    Setup   0x000460    program     extern C:\edocs\uC\ujprojects\szelepvezerlo\src\control.c
  Transmitter_control_cmd   0x003164    program     extern C:\edocs\uC\ujprojects\szelepvezerlo\src\RF.c
                 TstLower   0x0025c4    program     static C:\MCC18\v3_39\src\traditional\stdclib\btoa.asm
                 TstLower   0x0026ea    program     static C:\MCC18\v3_39\src\traditional\stdclib\itoa.asm
                 TstUpper   0x0025be    program     static C:\MCC18\v3_39\src\traditional\stdclib\btoa.asm
                 TstUpper   0x0026e4    program     static C:\MCC18\v3_39\src\traditional\stdclib\itoa.asm
                       Tx   0x001a4e    program     extern C:\edocs\uC\ujprojects\szelepvezerlo\src\RF.c
          Txreg_write_cmd   0x00315a    program     extern C:\edocs\uC\ujprojects\szelepvezerlo\src\RF.c
                 WriteI2C   0x0027c8    program     extern C:\edocs\uC\ujprojects\szelepvezerlo\src\swI2C.c
                  ZeroRun   0x000706    program     extern C:\edocs\uC\ujprojects\szelepvezerlo\src\control.c
              _2jContinue   0x0030ac    program     static C:\MCC18\v3_39\src\traditional\stdclib\memset.asm
                   _3jEnd   0x0030b6    program     static C:\MCC18\v3_39\src\traditional\stdclib\memset.asm
        _D10TCYXCODE_000A   0x00314a    program     static C:\MCC18\v3_39\src\traditional\delays\d10tcyx.asm
        _D10TCYXCODE_000C   0x00314c    program     static C:\MCC18\v3_39\src\traditional\delays\d10tcyx.asm
        _D10TCYXCODE_000E   0x00314e    program     static C:\MCC18\v3_39\src\traditional\delays\d10tcyx.asm
         ___else_lbl00004   0x002ad2    program     static                          
         ___else_lbl00006   0x002a2c    program     static                          
         ___else_lbl00011   0x002be0    program     static                          
         ___else_lbl00038   0x0018a6    program     static                          
         ___else_lbl00040   0x001a34    program     static                          
           ___if_lbl00003   0x002b1e    program     static                          
           ___if_lbl00005   0x002b1e    program     static                          
           ___if_lbl00010   0x002c2c    program     static                          
           ___if_lbl00031   0x001874    program     static                          
           ___if_lbl00034   0x0019fc    program     static                          
           ___if_lbl00035   0x001a2e    program     static                          
           ___if_lbl00036   0x001a30    program     static                          
           ___if_lbl00037   0x001a30    program     static                          
           ___if_lbl00039   0x001a38    program     static                          
       ___return_lbl00000   0x002b1e    program     static                          
       ___return_lbl00000   0x000004    program     static                          
       ___return_lbl00000   0x003018    program     static                          
       ___return_lbl00000   0x00313e    program     static                          
       ___return_lbl00001   0x003122    program     static                          
       ___return_lbl00002   0x002fa8    program     static                          
       ___return_lbl00007   0x002c2c    program     static                          
       ___return_lbl00024   0x00000c    program     static                          
       ___return_lbl00025   0x00001c    program     static                          
       ___return_lbl00028   0x001a3a    program     static                          
        ___while_lbl00001   0x002ad2    program     static                          
        ___while_lbl00002   0x002b1e    program     static                          
        ___while_lbl00008   0x002be0    program     static                          
        ___while_lbl00009   0x002c2c    program     static                          
        ___while_lbl00032   0x001886    program     static                          
        ___while_lbl00033   0x001a32    program     static                          
               __config_0   0x300001    program     static C:\edocs\uC\ujprojects\szelepvezerlo\src\control.c
               __config_1   0x300002    program     static C:\edocs\uC\ujprojects\szelepvezerlo\src\control.c
              __config_10   0x30000d    program     static C:\edocs\uC\ujprojects\szelepvezerlo\src\control.c
               __config_2   0x300003    program     static C:\edocs\uC\ujprojects\szelepvezerlo\src\control.c
               __config_3   0x300005    program     static C:\edocs\uC\ujprojects\szelepvezerlo\src\control.c
               __config_4   0x300006    program     static C:\edocs\uC\ujprojects\szelepvezerlo\src\control.c
               __config_5   0x300008    program     static C:\edocs\uC\ujprojects\szelepvezerlo\src\control.c
               __config_6   0x300009    program     static C:\edocs\uC\ujprojects\szelepvezerlo\src\control.c
               __config_7   0x30000a    program     static C:\edocs\uC\ujprojects\szelepvezerlo\src\control.c
               __config_8   0x30000b    program     static C:\edocs\uC\ujprojects\szelepvezerlo\src\control.c
               __config_9   0x30000c    program     static C:\edocs\uC\ujprojects\szelepvezerlo\src\control.c
                   __init   0x000006    program     extern C:\MCC18\v3_39\src\traditional\stdclib\__init.c
              __string_10   0x002e82    program     static C:\edocs\uC\ujprojects\szelepvezerlo\src\control.c
              __string_11   0x002e73    program     static C:\edocs\uC\ujprojects\szelepvezerlo\src\control.c
              __string_12   0x002e64    program     static C:\edocs\uC\ujprojects\szelepvezerlo\src\control.c
              __string_13   0x002e55    program     static C:\edocs\uC\ujprojects\szelepvezerlo\src\control.c
              __string_14   0x002e4a    program     static C:\edocs\uC\ujprojects\szelepvezerlo\src\control.c
              __string_15   0x002e37    program     static C:\edocs\uC\ujprojects\szelepvezerlo\src\control.c
              __string_16   0x002e31    program     static C:\edocs\uC\ujprojects\szelepvezerlo\src\control.c
              __string_17   0x002e24    program     static C:\edocs\uC\ujprojects\szelepvezerlo\src\control.c
              __string_18   0x002e1d    program     static C:\edocs\uC\ujprojects\szelepvezerlo\src\control.c
              __string_19   0x002e17    program     static C:\edocs\uC\ujprojects\szelepvezerlo\src\control.c
               __string_2   0x002efc    program     static C:\edocs\uC\ujprojects\szelepvezerlo\src\control.c
              __string_20   0x002e15    program     static C:\edocs\uC\ujprojects\szelepvezerlo\src\control.c
              __string_21   0x002e12    program     static C:\edocs\uC\ujprojects\szelepvezerlo\src\control.c
              __string_22   0x002e10    program     static C:\edocs\uC\ujprojects\szelepvezerlo\src\control.c
               __string_3   0x002ee8    program     static C:\edocs\uC\ujprojects\szelepvezerlo\src\control.c
               __string_4   0x002eda    program     static C:\edocs\uC\ujprojects\szelepvezerlo\src\control.c
               __string_5   0x002ec0    program     static C:\edocs\uC\ujprojects\szelepvezerlo\src\control.c
               __string_6   0x002eb3    program     static C:\edocs\uC\ujprojects\szelepvezerlo\src\control.c
               __string_7   0x002e9a    program     static C:\edocs\uC\ujprojects\szelepvezerlo\src\control.c
               __string_8   0x002e90    program     static C:\edocs\uC\ujprojects\szelepvezerlo\src\control.c
               __string_9   0x002e8c    program     static C:\edocs\uC\ujprojects\szelepvezerlo\src\control.c
               __tmplbl_0   0x0017a4    program     static                          
               __tmplbl_0   0x002ace    program     static                          
               __tmplbl_1   0x00179e    program     static                          
               __tmplbl_1   0x002b00    program     static                          
               __tmplbl_2   0x002bda    program     static                          
               __tmplbl_2   0x001798    program     static                          
               __tmplbl_3   0x0019c4    program     static                          
               __tmplbl_3   0x002c0e    program     static                          
               __tmplbl_4   0x0019c0    program     static                          
               __tmplbl_5   0x001996    program     static                          
               __tmplbl_6   0x001992    program     static                          
            __zero_memory   0x0030e8    program     extern C:\MCC18\v3_39\src\traditional\proc\p18F4680.asm
                _do_cinit   0x002f0c    program     extern C:\MCC18\v3_39\src\traditional\startup\c018i.c
                   _entry   0x000000    program     extern C:\MCC18\v3_39\src\traditional\startup\c018i.c
                 _startup   0x003108    program     extern C:\MCC18\v3_39\src\traditional\startup\c018i.c
                     atob   0x00238c    program     extern C:\MCC18\v3_39\src\traditional\stdclib\atob.asm
                     atoi   0x00243e    program     extern C:\MCC18\v3_39\src\traditional\stdclib\atoi.asm
            attach_RFnode   0x000ec4    program     extern C:\edocs\uC\ujprojects\szelepvezerlo\src\control.c
                   btoBCD   0x0025e4    program     extern C:\MCC18\v3_39\src\traditional\stdclib\btobcd.asm
                     btoa   0x002528    program     extern C:\MCC18\v3_39\src\traditional\stdclib\btoa.asm
          cmd_interpreter   0x000a12    program     extern C:\edocs\uC\ujprojects\szelepvezerlo\src\control.c
                compare_l   0x0030fe    program     static C:\MCC18\v3_39\src\traditional\proc\p18F4680.asm
                copy_loop   0x002f7e    program     static                          
            copy_one_byte   0x002f84    program     static                          
                     done   0x002fa8    program     static                          
             done_copying   0x002f92    program     static                          
                  endloop   0x00313a    program     static                          
                    error   0x0030dc    program     extern C:\edocs\uC\ujprojects\szelepvezerlo\src\control.c
                   itoBCD   0x00270a    program     extern C:\MCC18\v3_39\src\traditional\stdclib\itobcd.asm
                     itoa   0x00262a    program     extern C:\MCC18\v3_39\src\traditional\stdclib\itoa.asm
                     jDo1   0x00258a    program     static C:\MCC18\v3_39\src\traditional\stdclib\btoa.asm
                     jDo1   0x0026b0    program     static C:\MCC18\v3_39\src\traditional\stdclib\itoa.asm
                     jDo2   0x002586    program     static C:\MCC18\v3_39\src\traditional\stdclib\btoa.asm
                     jDo2   0x0026ac    program     static C:\MCC18\v3_39\src\traditional\stdclib\itoa.asm
                     jDo3   0x002582    program     static C:\MCC18\v3_39\src\traditional\stdclib\btoa.asm
                     jDo3   0x0026a8    program     static C:\MCC18\v3_39\src\traditional\stdclib\itoa.asm
                     jDo4   0x0026a4    program     static C:\MCC18\v3_39\src\traditional\stdclib\itoa.asm
                     jDo5   0x0026a0    program     static C:\MCC18\v3_39\src\traditional\stdclib\itoa.asm
                     jEnd   0x002614    program     static C:\MCC18\v3_39\src\traditional\stdclib\btobcd.asm
                     jEnd   0x0024fc    program     static C:\MCC18\v3_39\src\traditional\stdclib\atoi.asm
                     jEnd   0x0030be    program     static C:\MCC18\v3_39\src\traditional\stdclib\memset.asm
                     jEnd   0x002420    program     static C:\MCC18\v3_39\src\traditional\stdclib\atob.asm
                     jEnd   0x002748    program     static C:\MCC18\v3_39\src\traditional\stdclib\itobcd.asm
                 jEndLoop   0x0024e4    program     static C:\MCC18\v3_39\src\traditional\stdclib\atoi.asm
                 jEndLoop   0x002412    program     static C:\MCC18\v3_39\src\traditional\stdclib\atob.asm
                    jLoop   0x002496    program     static C:\MCC18\v3_39\src\traditional\stdclib\atoi.asm
                    jLoop   0x0023e0    program     static C:\MCC18\v3_39\src\traditional\stdclib\atob.asm
                    jLoop   0x0030a0    program     static C:\MCC18\v3_39\src\traditional\stdclib\memset.asm
                    jLoop   0x0025fa    program     static C:\MCC18\v3_39\src\traditional\stdclib\btobcd.asm
                    jLoop   0x002722    program     static C:\MCC18\v3_39\src\traditional\stdclib\itobcd.asm
                  jSkipWS   0x00246c    program     static C:\MCC18\v3_39\src\traditional\stdclib\atoi.asm
                  jSkipWS   0x0023b6    program     static C:\MCC18\v3_39\src\traditional\stdclib\atob.asm
                 jSkipWS1   0x00247e    program     static C:\MCC18\v3_39\src\traditional\stdclib\atoi.asm
                 jSkipWS1   0x0023c8    program     static C:\MCC18\v3_39\src\traditional\stdclib\atob.asm
                jTstLowZ1   0x0026f4    program     static C:\MCC18\v3_39\src\traditional\stdclib\itoa.asm
                jTstLowZ1   0x0025ce    program     static C:\MCC18\v3_39\src\traditional\stdclib\btoa.asm
                 jTstSign   0x0023cc    program     static C:\MCC18\v3_39\src\traditional\stdclib\atob.asm
                 jTstSign   0x002482    program     static C:\MCC18\v3_39\src\traditional\stdclib\atoi.asm
                jTstSign1   0x002656    program     static C:\MCC18\v3_39\src\traditional\stdclib\itoa.asm
                jTstSign1   0x00254c    program     static C:\MCC18\v3_39\src\traditional\stdclib\btoa.asm
                jTstSign1   0x00248e    program     static C:\MCC18\v3_39\src\traditional\stdclib\atoi.asm
                jTstSign1   0x0023d8    program     static C:\MCC18\v3_39\src\traditional\stdclib\atob.asm
                jTstSign2   0x002494    program     static C:\MCC18\v3_39\src\traditional\stdclib\atoi.asm
                jTstSign2   0x0023de    program     static C:\MCC18\v3_39\src\traditional\stdclib\atob.asm
                jTstSign3   0x002496    program     static C:\MCC18\v3_39\src\traditional\stdclib\atoi.asm
                jTstSign3   0x0023e0    program     static C:\MCC18\v3_39\src\traditional\stdclib\atob.asm
                     loop   0x00312c    program     static                          
                     loop   0x003118    program     static                          
                   loop_h   0x0030f6    program     static C:\MCC18\v3_39\src\traditional\proc\p18F4680.asm
                   loop_l   0x003100    program     static C:\MCC18\v3_39\src\traditional\proc\p18F4680.asm
                lowVector   0x000018    program     extern C:\edocs\uC\ujprojects\szelepvezerlo\src\control.c
                     main   0x000640    program     extern C:\edocs\uC\ujprojects\szelepvezerlo\src\control.c
                   memset   0x00308c    program     extern C:\MCC18\v3_39\src\traditional\stdclib\memset.asm
                     nACK   0x0028c8    program     extern C:\edocs\uC\ujprojects\szelepvezerlo\src\swI2C.c
                      out   0x0030c0    program     extern C:\edocs\uC\ujprojects\szelepvezerlo\src\control.c
                    ready   0x0030d1    program     extern C:\edocs\uC\ujprojects\szelepvezerlo\src\control.c
           receive_RFdata   0x000f3c    program     extern C:\edocs\uC\ujprojects\szelepvezerlo\src\control.c
                 send_cmd   0x001518    program     extern C:\edocs\uC\ujprojects\szelepvezerlo\src\RF.c
                     test   0x002f26    program     static                          
               zero_block   0x0030f6    program     static C:\MCC18\v3_39\src\traditional\proc\p18F4680.asm
                   ADCON0   0x000fc2       data     extern C:\MCC18\v3_39\src\traditional\proc\p18F4680.asm
               ADCON0bits   0x000fc2       data     extern C:\MCC18\v3_39\src\traditional\proc\p18F4680.asm
                   ADCON1   0x000fc1       data     extern C:\MCC18\v3_39\src\traditional\proc\p18F4680.asm
               ADCON1bits   0x000fc1       data     extern C:\MCC18\v3_39\src\traditional\proc\p18F4680.asm
                   ADCON2   0x000fc0       data     extern C:\MCC18\v3_39\src\traditional\proc\p18F4680.asm
               ADCON2bits   0x000fc0       data     extern C:\MCC18\v3_39\src\traditional\proc\p18F4680.asm
                    ADRES   0x000fc3       data     extern C:\MCC18\v3_39\src\traditional\proc\p18F4680.asm
                   ADRESH   0x000fc4       data     extern C:\MCC18\v3_39\src\traditional\proc\p18F4680.asm
                   ADRESL   0x000fc3       data     extern C:\MCC18\v3_39\src\traditional\proc\p18F4680.asm
                    B0CON   0x000e20       data     extern C:\MCC18\v3_39\src\traditional\proc\p18F4680.asm
                B0CONbits   0x000e20       data     extern C:\MCC18\v3_39\src\traditional\proc\p18F4680.asm
                     B0D0   0x000e26       data     extern C:\MCC18\v3_39\src\traditional\proc\p18F4680.asm
                 B0D0bits   0x000e26       data     extern C:\MCC18\v3_39\src\traditional\proc\p18F4680.asm
                     B0D1   0x000e27       data     extern C:\MCC18\v3_39\src\traditional\proc\p18F4680.asm
                 B0D1bits   0x000e27       data     extern C:\MCC18\v3_39\src\traditional\proc\p18F4680.asm
                     B0D2   0x000e28       data     extern C:\MCC18\v3_39\src\traditional\proc\p18F4680.asm
                 B0D2bits   0x000e28       data     extern C:\MCC18\v3_39\src\traditional\proc\p18F4680.asm
                     B0D3   0x000e29       data     extern C:\MCC18\v3_39\src\traditional\proc\p18F4680.asm
                 B0D3bits   0x000e29       data     extern C:\MCC18\v3_39\src\traditional\proc\p18F4680.asm
                     B0D4   0x000e2a       data     extern C:\MCC18\v3_39\src\traditional\proc\p18F4680.asm
                 B0D4bits   0x000e2a       data     extern C:\MCC18\v3_39\src\traditional\proc\p18F4680.asm
                     B0D5   0x000e2b       data     extern C:\MCC18\v3_39\src\traditional\proc\p18F4680.asm
                 B0D5bits   0x000e2b       data     extern C:\MCC18\v3_39\src\traditional\proc\p18F4680.asm
                     B0D6   0x000e2c       data     extern C:\MCC18\v3_39\src\traditional\proc\p18F4680.asm
                 B0D6bits   0x000e2c       data     extern C:\MCC18\v3_39\src\traditional\proc\p18F4680.asm
                     B0D7   0x000e2d       data     extern C:\MCC18\v3_39\src\traditional\proc\p18F4680.asm
                 B0D7bits   0x000e2d       data     extern C:\MCC18\v3_39\src\traditional\proc\p18F4680.asm
                    B0DLC   0x000e25       data     extern C:\MCC18\v3_39\src\traditional\proc\p18F4680.asm
                B0DLCbits   0x000e25       data     extern C:\MCC18\v3_39\src\traditional\proc\p18F4680.asm
                   B0EIDH   0x000e23       data     extern C:\MCC18\v3_39\src\traditional\proc\p18F4680.asm
               B0EIDHbits   0x000e23       data     extern C:\MCC18\v3_39\src\traditional\proc\p18F4680.asm
                   B0EIDL   0x000e24       data     extern C:\MCC18\v3_39\src\traditional\proc\p18F4680.asm
               B0EIDLbits   0x000e24       data     extern C:\MCC18\v3_39\src\traditional\proc\p18F4680.asm
                   B0SIDH   0x000e21       data     extern C:\MCC18\v3_39\src\traditional\proc\p18F4680.asm
               B0SIDHbits   0x000e21       data     extern C:\MCC18\v3_39\src\traditional\proc\p18F4680.asm
                   B0SIDL   0x000e22       data     extern C:\MCC18\v3_39\src\traditional\proc\p18F4680.asm
               B0SIDLbits   0x000e22       data     extern C:\MCC18\v3_39\src\traditional\proc\p18F4680.asm
                    B1CON   0x000e30       data     extern C:\MCC18\v3_39\src\traditional\proc\p18F4680.asm
                B1CONbits   0x000e30       data     extern C:\MCC18\v3_39\src\traditional\proc\p18F4680.asm
                     B1D0   0x000e36       data     extern C:\MCC18\v3_39\src\traditional\proc\p18F4680.asm
                 B1D0bits   0x000e36       data     extern C:\MCC18\v3_39\src\traditional\proc\p18F4680.asm
                     B1D1   0x000e37       data     extern C:\MCC18\v3_39\src\traditional\proc\p18F4680.asm
                 B1D1bits   0x000e37       data     extern C:\MCC18\v3_39\src\traditional\proc\p18F4680.asm
                     B1D2   0x000e38       data     extern C:\MCC18\v3_39\src\traditional\proc\p18F4680.asm
                 B1D2bits   0x000e38       data     extern C:\MCC18\v3_39\src\traditional\proc\p18F4680.asm
                     B1D3   0x000e39       data     extern C:\MCC18\v3_39\src\traditional\proc\p18F4680.asm
                 B1D3bits   0x000e39       data     extern C:\MCC18\v3_39\src\traditional\proc\p18F4680.asm
                     B1D4   0x000e3a       data     extern C:\MCC18\v3_39\src\traditional\proc\p18F4680.asm
                 B1D4bits   0x000e3a       data     extern C:\MCC18\v3_39\src\traditional\proc\p18F4680.asm
                     B1D5   0x000e3b       data     extern C:\MCC18\v3_39\src\traditional\proc\p18F4680.asm
                 B1D5bits   0x000e3b       data     extern C:\MCC18\v3_39\src\traditional\proc\p18F4680.asm
                     B1D6   0x000e3c       data     extern C:\MCC18\v3_39\src\traditional\proc\p18F4680.asm
                 B1D6bits   0x000e3c       data     extern C:\MCC18\v3_39\src\traditional\proc\p18F4680.asm
                     B1D7   0x000e3d       data     extern C:\MCC18\v3_39\src\traditional\proc\p18F4680.asm
                 B1D7bits   0x000e3d       data     extern C:\MCC18\v3_39\src\traditional\proc\p18F4680.asm
                    B1DLC   0x000e35       data     extern C:\MCC18\v3_39\src\traditional\proc\p18F4680.asm
                B1DLCbits   0x000e35       data     extern C:\MCC18\v3_39\src\traditional\proc\p18F4680.asm
                   B1EIDH   0x000e33       data     extern C:\MCC18\v3_39\src\traditional\proc\p18F4680.asm
               B1EIDHbits   0x000e33       data     extern C:\MCC18\v3_39\src\traditional\proc\p18F4680.asm
                   B1EIDL   0x000e34       data     extern C:\MCC18\v3_39\src\traditional\proc\p18F4680.asm
               B1EIDLbits   0x000e34       data     extern C:\MCC18\v3_39\src\traditional\proc\p18F4680.asm
                   B1SIDH   0x000e31       data     extern C:\MCC18\v3_39\src\traditional\proc\p18F4680.asm
               B1SIDHbits   0x000e31       data     extern C:\MCC18\v3_39\src\traditional\proc\p18F4680.asm
                   B1SIDL   0x000e32       data     extern C:\MCC18\v3_39\src\traditional\proc\p18F4680.asm
               B1SIDLbits   0x000e32       data     extern C:\MCC18\v3_39\src\traditional\proc\p18F4680.asm
                    B2CON   0x000e40       data     extern C:\MCC18\v3_39\src\traditional\proc\p18F4680.asm
                B2CONbits   0x000e40       data     extern C:\MCC18\v3_39\src\traditional\proc\p18F4680.asm
                     B2D0   0x000e46       data     extern C:\MCC18\v3_39\src\traditional\proc\p18F4680.asm
                 B2D0bits   0x000e46       data     extern C:\MCC18\v3_39\src\traditional\proc\p18F4680.asm
                     B2D1   0x000e47       data     extern C:\MCC18\v3_39\src\traditional\proc\p18F4680.asm
                 B2D1bits   0x000e47       data     extern C:\MCC18\v3_39\src\traditional\proc\p18F4680.asm
                     B2D2   0x000e48       data     extern C:\MCC18\v3_39\src\traditional\proc\p18F4680.asm
                 B2D2bits   0x000e48       data     extern C:\MCC18\v3_39\src\traditional\proc\p18F4680.asm
                     B2D3   0x000e49       data     extern C:\MCC18\v3_39\src\traditional\proc\p18F4680.asm
                 B2D3bits   0x000e49       data     extern C:\MCC18\v3_39\src\traditional\proc\p18F4680.asm
                     B2D4   0x000e4a       data     extern C:\MCC18\v3_39\src\traditional\proc\p18F4680.asm
                 B2D4bits   0x000e4a       data     extern C:\MCC18\v3_39\src\traditional\proc\p18F4680.asm
                     B2D5   0x000e4b       data     extern C:\MCC18\v3_39\src\traditional\proc\p18F4680.asm
                 B2D5bits   0x000e4b       data     extern C:\MCC18\v3_39\src\traditional\proc\p18F4680.asm
                     B2D6   0x000e4c       data     extern C:\MCC18\v3_39\src\traditional\proc\p18F4680.asm
                 B2D6bits   0x000e4c       data     extern C:\MCC18\v3_39\src\traditional\proc\p18F4680.asm
                     B2D7   0x000e4d       data     extern C:\MCC18\v3_39\src\traditional\proc\p18F4680.asm
                 B2D7bits   0x000e4d       data     extern C:\MCC18\v3_39\src\traditional\proc\p18F4680.asm
                    B2DLC   0x000e45       data     extern C:\MCC18\v3_39\src\traditional\proc\p18F4680.asm
                B2DLCbits   0x000e45       data     extern C:\MCC18\v3_39\src\traditional\proc\p18F4680.asm
                   B2EIDH   0x000e43       data     extern C:\MCC18\v3_39\src\traditional\proc\p18F4680.asm
               B2EIDHbits   0x000e43       data     extern C:\MCC18\v3_39\src\traditional\proc\p18F4680.asm
                   B2EIDL   0x000e44       data     extern C:\MCC18\v3_39\src\traditional\proc\p18F4680.asm
               B2EIDLbits   0x000e44       data     extern C:\MCC18\v3_39\src\traditional\proc\p18F4680.asm
                   B2SIDH   0x000e41       data     extern C:\MCC18\v3_39\src\traditional\proc\p18F4680.asm
               B2SIDHbits   0x000e41       data     extern C:\MCC18\v3_39\src\traditional\proc\p18F4680.asm
                   B2SIDL   0x000e42       data     extern C:\MCC18\v3_39\src\traditional\proc\p18F4680.asm
               B2SIDLbits   0x000e42       data     extern C:\MCC18\v3_39\src\traditional\proc\p18F4680.asm
                    B3CON   0x000e50       data     extern C:\MCC18\v3_39\src\traditional\proc\p18F4680.asm
                B3CONbits   0x000e50       data     extern C:\MCC18\v3_39\src\traditional\proc\p18F4680.asm
                     B3D0   0x000e56       data     extern C:\MCC18\v3_39\src\traditional\proc\p18F4680.asm
                 B3D0bits   0x000e56       data     extern C:\MCC18\v3_39\src\traditional\proc\p18F4680.asm
                     B3D1   0x000e57       data     extern C:\MCC18\v3_39\src\traditional\proc\p18F4680.asm
                 B3D1bits   0x000e57       data     extern C:\MCC18\v3_39\src\traditional\proc\p18F4680.asm
                     B3D2   0x000e58       data     extern C:\MCC18\v3_39\src\traditional\proc\p18F4680.asm
                 B3D2bits   0x000e58       data     extern C:\MCC18\v3_39\src\traditional\proc\p18F4680.asm
                     B3D3   0x000e59       data     extern C:\MCC18\v3_39\src\traditional\proc\p18F4680.asm
                 B3D3bits   0x000e59       data     extern C:\MCC18\v3_39\src\traditional\proc\p18F4680.asm
                     B3D4   0x000e5a       data     extern C:\MCC18\v3_39\src\traditional\proc\p18F4680.asm
                 B3D4bits   0x000e5a       data     extern C:\MCC18\v3_39\src\traditional\proc\p18F4680.asm
                     B3D5   0x000e5b       data     extern C:\MCC18\v3_39\src\traditional\proc\p18F4680.asm
                 B3D5bits   0x000e5b       data     extern C:\MCC18\v3_39\src\traditional\proc\p18F4680.asm
                     B3D6   0x000e5c       data     extern C:\MCC18\v3_39\src\traditional\proc\p18F4680.asm
                 B3D6bits   0x000e5c       data     extern C:\MCC18\v3_39\src\traditional\proc\p18F4680.asm
                     B3D7   0x000e5d       data     extern C:\MCC18\v3_39\src\traditional\proc\p18F4680.asm
                 B3D7bits   0x000e5d       data     extern C:\MCC18\v3_39\src\traditional\proc\p18F4680.asm
                    B3DLC   0x000e55       data     extern C:\MCC18\v3_39\src\traditional\proc\p18F4680.asm
                B3DLCbits   0x000e55       data     extern C:\MCC18\v3_39\src\traditional\proc\p18F4680.asm
                   B3EIDH   0x000e53       data     extern C:\MCC18\v3_39\src\traditional\proc\p18F4680.asm
               B3EIDHbits   0x000e53       data     extern C:\MCC18\v3_39\src\traditional\proc\p18F4680.asm
                   B3EIDL   0x000e54       data     extern C:\MCC18\v3_39\src\traditional\proc\p18F4680.asm
               B3EIDLbits   0x000e54       data     extern C:\MCC18\v3_39\src\traditional\proc\p18F4680.asm
                   B3SIDH   0x000e51       data     extern C:\MCC18\v3_39\src\traditional\proc\p18F4680.asm
               B3SIDHbits   0x000e51       data     extern C:\MCC18\v3_39\src\traditional\proc\p18F4680.asm
                   B3SIDL   0x000e52       data     extern C:\MCC18\v3_39\src\traditional\proc\p18F4680.asm
               B3SIDLbits   0x000e52       data     extern C:\MCC18\v3_39\src\traditional\proc\p18F4680.asm
                    B4CON   0x000e60       data     extern C:\MCC18\v3_39\src\traditional\proc\p18F4680.asm
                B4CONbits   0x000e60       data     extern C:\MCC18\v3_39\src\traditional\proc\p18F4680.asm
                     B4D0   0x000e66       data     extern C:\MCC18\v3_39\src\traditional\proc\p18F4680.asm
                 B4D0bits   0x000e66       data     extern C:\MCC18\v3_39\src\traditional\proc\p18F4680.asm
                     B4D1   0x000e67       data     extern C:\MCC18\v3_39\src\traditional\proc\p18F4680.asm
                 B4D1bits   0x000e67       data     extern C:\MCC18\v3_39\src\traditional\proc\p18F4680.asm
                     B4D2   0x000e68       data     extern C:\MCC18\v3_39\src\traditional\proc\p18F4680.asm
                 B4D2bits   0x000e68       data     extern C:\MCC18\v3_39\src\traditional\proc\p18F4680.asm
                     B4D3   0x000e69       data     extern C:\MCC18\v3_39\src\traditional\proc\p18F4680.asm
                 B4D3bits   0x000e69       data     extern C:\MCC18\v3_39\src\traditional\proc\p18F4680.asm
                     B4D4   0x000e6a       data     extern C:\MCC18\v3_39\src\traditional\proc\p18F4680.asm
                 B4D4bits   0x000e6a       data     extern C:\MCC18\v3_39\src\traditional\proc\p18F4680.asm
                     B4D5   0x000e6b       data     extern C:\MCC18\v3_39\src\traditional\proc\p18F4680.asm
                 B4D5bits   0x000e6b       data     extern C:\MCC18\v3_39\src\traditional\proc\p18F4680.asm
                     B4D6   0x000e6c       data     extern C:\MCC18\v3_39\src\traditional\proc\p18F4680.asm
                 B4D6bits   0x000e6c       data     extern C:\MCC18\v3_39\src\traditional\proc\p18F4680.asm
                     B4D7   0x000e6d       data     extern C:\MCC18\v3_39\src\traditional\proc\p18F4680.asm
                 B4D7bits   0x000e6d       data     extern C:\MCC18\v3_39\src\traditional\proc\p18F4680.asm
                    B4DLC   0x000e65       data     extern C:\MCC18\v3_39\src\traditional\proc\p18F4680.asm
                B4DLCbits   0x000e65       data     extern C:\MCC18\v3_39\src\traditional\proc\p18F4680.asm
                   B4EIDH   0x000e63       data     extern C:\MCC18\v3_39\src\traditional\proc\p18F4680.asm
               B4EIDHbits   0x000e63       data     extern C:\MCC18\v3_39\src\traditional\proc\p18F4680.asm
                   B4EIDL   0x000e64       data     extern C:\MCC18\v3_39\src\traditional\proc\p18F4680.asm
               B4EIDLbits   0x000e64       data     extern C:\MCC18\v3_39\src\traditional\proc\p18F4680.asm
                   B4SIDH   0x000e61       data     extern C:\MCC18\v3_39\src\traditional\proc\p18F4680.asm
               B4SIDHbits   0x000e61       data     extern C:\MCC18\v3_39\src\traditional\proc\p18F4680.asm
                   B4SIDL   0x000e62       data     extern C:\MCC18\v3_39\src\traditional\proc\p18F4680.asm
               B4SIDLbits   0x000e62       data     extern C:\MCC18\v3_39\src\traditional\proc\p18F4680.asm
                    B5CON   0x000e70       data     extern C:\MCC18\v3_39\src\traditional\proc\p18F4680.asm
                B5CONbits   0x000e70       data     extern C:\MCC18\v3_39\src\traditional\proc\p18F4680.asm
                     B5D0   0x000e76       data     extern C:\MCC18\v3_39\src\traditional\proc\p18F4680.asm
                 B5D0bits   0x000e76       data     extern C:\MCC18\v3_39\src\traditional\proc\p18F4680.asm
                     B5D1   0x000e77       data     extern C:\MCC18\v3_39\src\traditional\proc\p18F4680.asm
                 B5D1bits   0x000e77       data     extern C:\MCC18\v3_39\src\traditional\proc\p18F4680.asm
                     B5D2   0x000e78       data     extern C:\MCC18\v3_39\src\traditional\proc\p18F4680.asm
                 B5D2bits   0x000e78       data     extern C:\MCC18\v3_39\src\traditional\proc\p18F4680.asm
                     B5D3   0x000e79       data     extern C:\MCC18\v3_39\src\traditional\proc\p18F4680.asm
                 B5D3bits   0x000e79       data     extern C:\MCC18\v3_39\src\traditional\proc\p18F4680.asm
                     B5D4   0x000e7a       data     extern C:\MCC18\v3_39\src\traditional\proc\p18F4680.asm
                 B5D4bits   0x000e7a       data     extern C:\MCC18\v3_39\src\traditional\proc\p18F4680.asm
                     B5D5   0x000e7b       data     extern C:\MCC18\v3_39\src\traditional\proc\p18F4680.asm
                 B5D5bits   0x000e7b       data     extern C:\MCC18\v3_39\src\traditional\proc\p18F4680.asm
                     B5D6   0x000e7c       data     extern C:\MCC18\v3_39\src\traditional\proc\p18F4680.asm
                 B5D6bits   0x000e7c       data     extern C:\MCC18\v3_39\src\traditional\proc\p18F4680.asm
                     B5D7   0x000e7d       data     extern C:\MCC18\v3_39\src\traditional\proc\p18F4680.asm
                 B5D7bits   0x000e7d       data     extern C:\MCC18\v3_39\src\traditional\proc\p18F4680.asm
                    B5DLC   0x000e75       data     extern C:\MCC18\v3_39\src\traditional\proc\p18F4680.asm
                B5DLCbits   0x000e75       data     extern C:\MCC18\v3_39\src\traditional\proc\p18F4680.asm
                   B5EIDH   0x000e73       data     extern C:\MCC18\v3_39\src\traditional\proc\p18F4680.asm
               B5EIDHbits   0x000e73       data     extern C:\MCC18\v3_39\src\traditional\proc\p18F4680.asm
                   B5EIDL   0x000e74       data     extern C:\MCC18\v3_39\src\traditional\proc\p18F4680.asm
               B5EIDLbits   0x000e74       data     extern C:\MCC18\v3_39\src\traditional\proc\p18F4680.asm
                   B5SIDH   0x000e71       data     extern C:\MCC18\v3_39\src\traditional\proc\p18F4680.asm
               B5SIDHbits   0x000e71       data     extern C:\MCC18\v3_39\src\traditional\proc\p18F4680.asm
                   B5SIDL   0x000e72       data     extern C:\MCC18\v3_39\src\traditional\proc\p18F4680.asm
               B5SIDLbits   0x000e72       data     extern C:\MCC18\v3_39\src\traditional\proc\p18F4680.asm
                  BAUDCON   0x000fb8       data     extern C:\MCC18\v3_39\src\traditional\proc\p18F4680.asm
              BAUDCONbits   0x000fb8       data     extern C:\MCC18\v3_39\src\traditional\proc\p18F4680.asm
                  BAUDCTL   0x000fb8       data     extern C:\MCC18\v3_39\src\traditional\proc\p18F4680.asm
              BAUDCTLbits   0x000fb8       data     extern C:\MCC18\v3_39\src\traditional\proc\p18F4680.asm
                     BIE0   0x000dfa       data     extern C:\MCC18\v3_39\src\traditional\proc\p18F4680.asm
                 BIE0bits   0x000dfa       data     extern C:\MCC18\v3_39\src\traditional\proc\p18F4680.asm
                  BRGCON1   0x000f70       data     extern C:\MCC18\v3_39\src\traditional\proc\p18F4680.asm
              BRGCON1bits   0x000f70       data     extern C:\MCC18\v3_39\src\traditional\proc\p18F4680.asm
                  BRGCON2   0x000f71       data     extern C:\MCC18\v3_39\src\traditional\proc\p18F4680.asm
              BRGCON2bits   0x000f71       data     extern C:\MCC18\v3_39\src\traditional\proc\p18F4680.asm
                  BRGCON3   0x000f72       data     extern C:\MCC18\v3_39\src\traditional\proc\p18F4680.asm
              BRGCON3bits   0x000f72       data     extern C:\MCC18\v3_39\src\traditional\proc\p18F4680.asm
                    BSEL0   0x000df8       data     extern C:\MCC18\v3_39\src\traditional\proc\p18F4680.asm
                BSEL0bits   0x000df8       data     extern C:\MCC18\v3_39\src\traditional\proc\p18F4680.asm
                      BSR   0x000fe0       data     extern C:\MCC18\v3_39\src\traditional\proc\p18F4680.asm
                   CANCON   0x000f6f       data     extern C:\MCC18\v3_39\src\traditional\proc\p18F4680.asm
               CANCON_RO0   0x000f5f       data     extern C:\MCC18\v3_39\src\traditional\proc\p18F4680.asm
           CANCON_RO0bits   0x000f5f       data     extern C:\MCC18\v3_39\src\traditional\proc\p18F4680.asm
               CANCON_RO1   0x000f4f       data     extern C:\MCC18\v3_39\src\traditional\proc\p18F4680.asm
           CANCON_RO1bits   0x000f4f       data     extern C:\MCC18\v3_39\src\traditional\proc\p18F4680.asm
               CANCON_RO2   0x000f3f       data     extern C:\MCC18\v3_39\src\traditional\proc\p18F4680.asm
           CANCON_RO2bits   0x000f3f       data     extern C:\MCC18\v3_39\src\traditional\proc\p18F4680.asm
               CANCON_RO3   0x000f2f       data     extern C:\MCC18\v3_39\src\traditional\proc\p18F4680.asm
           CANCON_RO3bits   0x000f2f       data     extern C:\MCC18\v3_39\src\traditional\proc\p18F4680.asm
               CANCON_RO4   0x000e7f       data     extern C:\MCC18\v3_39\src\traditional\proc\p18F4680.asm
           CANCON_RO4bits   0x000e7f       data     extern C:\MCC18\v3_39\src\traditional\proc\p18F4680.asm
               CANCON_RO5   0x000e6f       data     extern C:\MCC18\v3_39\src\traditional\proc\p18F4680.asm
           CANCON_RO5bits   0x000e6f       data     extern C:\MCC18\v3_39\src\traditional\proc\p18F4680.asm
               CANCON_RO6   0x000e5f       data     extern C:\MCC18\v3_39\src\traditional\proc\p18F4680.asm
           CANCON_RO6bits   0x000e5f       data     extern C:\MCC18\v3_39\src\traditional\proc\p18F4680.asm
               CANCON_RO7   0x000e4f       data     extern C:\MCC18\v3_39\src\traditional\proc\p18F4680.asm
           CANCON_RO7bits   0x000e4f       data     extern C:\MCC18\v3_39\src\traditional\proc\p18F4680.asm
               CANCON_RO8   0x000e3f       data     extern C:\MCC18\v3_39\src\traditional\proc\p18F4680.asm
           CANCON_RO8bits   0x000e3f       data     extern C:\MCC18\v3_39\src\traditional\proc\p18F4680.asm
               CANCON_RO9   0x000e2f       data     extern C:\MCC18\v3_39\src\traditional\proc\p18F4680.asm
           CANCON_RO9bits   0x000e2f       data     extern C:\MCC18\v3_39\src\traditional\proc\p18F4680.asm
               CANCONbits   0x000f6f       data     extern C:\MCC18\v3_39\src\traditional\proc\p18F4680.asm
                  CANSTAT   0x000f6e       data     extern C:\MCC18\v3_39\src\traditional\proc\p18F4680.asm
              CANSTAT_RO0   0x000f5e       data     extern C:\MCC18\v3_39\src\traditional\proc\p18F4680.asm
          CANSTAT_RO0bits   0x000f5e       data     extern C:\MCC18\v3_39\src\traditional\proc\p18F4680.asm
              CANSTAT_RO1   0x000f4e       data     extern C:\MCC18\v3_39\src\traditional\proc\p18F4680.asm
          CANSTAT_RO1bits   0x000f4e       data     extern C:\MCC18\v3_39\src\traditional\proc\p18F4680.asm
              CANSTAT_RO2   0x000f3e       data     extern C:\MCC18\v3_39\src\traditional\proc\p18F4680.asm
          CANSTAT_RO2bits   0x000f3e       data     extern C:\MCC18\v3_39\src\traditional\proc\p18F4680.asm
              CANSTAT_RO3   0x000f2e       data     extern C:\MCC18\v3_39\src\traditional\proc\p18F4680.asm
          CANSTAT_RO3bits   0x000f2e       data     extern C:\MCC18\v3_39\src\traditional\proc\p18F4680.asm
              CANSTAT_RO4   0x000e7e       data     extern C:\MCC18\v3_39\src\traditional\proc\p18F4680.asm
          CANSTAT_RO4bits   0x000e7e       data     extern C:\MCC18\v3_39\src\traditional\proc\p18F4680.asm
              CANSTAT_RO5   0x000e6e       data     extern C:\MCC18\v3_39\src\traditional\proc\p18F4680.asm
          CANSTAT_RO5bits   0x000e6e       data     extern C:\MCC18\v3_39\src\traditional\proc\p18F4680.asm
              CANSTAT_RO6   0x000e5e       data     extern C:\MCC18\v3_39\src\traditional\proc\p18F4680.asm
          CANSTAT_RO6bits   0x000e5e       data     extern C:\MCC18\v3_39\src\traditional\proc\p18F4680.asm
              CANSTAT_RO7   0x000e4e       data     extern C:\MCC18\v3_39\src\traditional\proc\p18F4680.asm
          CANSTAT_RO7bits   0x000e4e       data     extern C:\MCC18\v3_39\src\traditional\proc\p18F4680.asm
              CANSTAT_RO8   0x000e3e       data     extern C:\MCC18\v3_39\src\traditional\proc\p18F4680.asm
          CANSTAT_RO8bits   0x000e3e       data     extern C:\MCC18\v3_39\src\traditional\proc\p18F4680.asm
              CANSTAT_RO9   0x000e2e       data     extern C:\MCC18\v3_39\src\traditional\proc\p18F4680.asm
          CANSTAT_RO9bits   0x000e2e       data     extern C:\MCC18\v3_39\src\traditional\proc\p18F4680.asm
              CANSTATbits   0x000f6e       data     extern C:\MCC18\v3_39\src\traditional\proc\p18F4680.asm
                  CCP1CON   0x000fbd       data     extern C:\MCC18\v3_39\src\traditional\proc\p18F4680.asm
              CCP1CONbits   0x000fbd       data     extern C:\MCC18\v3_39\src\traditional\proc\p18F4680.asm
                    CCPR1   0x000fbe       data     extern C:\MCC18\v3_39\src\traditional\proc\p18F4680.asm
                   CCPR1H   0x000fbf       data     extern C:\MCC18\v3_39\src\traditional\proc\p18F4680.asm
                   CCPR1L   0x000fbe       data     extern C:\MCC18\v3_39\src\traditional\proc\p18F4680.asm
                   CIOCON   0x000f73       data     extern C:\MCC18\v3_39\src\traditional\proc\p18F4680.asm
               CIOCONbits   0x000f73       data     extern C:\MCC18\v3_39\src\traditional\proc\p18F4680.asm
                    CMCON   0x000fb4       data     extern C:\MCC18\v3_39\src\traditional\proc\p18F4680.asm
                CMCONbits   0x000fb4       data     extern C:\MCC18\v3_39\src\traditional\proc\p18F4680.asm
                  COMSTAT   0x000f74       data     extern C:\MCC18\v3_39\src\traditional\proc\p18F4680.asm
              COMSTATbits   0x000f74       data     extern C:\MCC18\v3_39\src\traditional\proc\p18F4680.asm
                   CVRCON   0x000fb5       data     extern C:\MCC18\v3_39\src\traditional\proc\p18F4680.asm
               CVRCONbits   0x000fb5       data     extern C:\MCC18\v3_39\src\traditional\proc\p18F4680.asm
                     DDRA   0x000f92       data     extern C:\MCC18\v3_39\src\traditional\proc\p18F4680.asm
                 DDRAbits   0x000f92       data     extern C:\MCC18\v3_39\src\traditional\proc\p18F4680.asm
                     DDRB   0x000f93       data     extern C:\MCC18\v3_39\src\traditional\proc\p18F4680.asm
                 DDRBbits   0x000f93       data     extern C:\MCC18\v3_39\src\traditional\proc\p18F4680.asm
                     DDRC   0x000f94       data     extern C:\MCC18\v3_39\src\traditional\proc\p18F4680.asm
                 DDRCbits   0x000f94       data     extern C:\MCC18\v3_39\src\traditional\proc\p18F4680.asm
                     DDRD   0x000f95       data     extern C:\MCC18\v3_39\src\traditional\proc\p18F4680.asm
                 DDRDbits   0x000f95       data     extern C:\MCC18\v3_39\src\traditional\proc\p18F4680.asm
                     DDRE   0x000f96       data     extern C:\MCC18\v3_39\src\traditional\proc\p18F4680.asm
                 DDREbits   0x000f96       data     extern C:\MCC18\v3_39\src\traditional\proc\p18F4680.asm
                   Daymax   0x000192       data     extern C:\edocs\uC\ujprojects\szelepvezerlo\src\control.c
                  ECANCON   0x000f77       data     extern C:\MCC18\v3_39\src\traditional\proc\p18F4680.asm
              ECANCONbits   0x000f77       data     extern C:\MCC18\v3_39\src\traditional\proc\p18F4680.asm
                  ECCP1AS   0x000fb6       data     extern C:\MCC18\v3_39\src\traditional\proc\p18F4680.asm
              ECCP1ASbits   0x000fb6       data     extern C:\MCC18\v3_39\src\traditional\proc\p18F4680.asm
                 ECCP1CON   0x000fba       data     extern C:\MCC18\v3_39\src\traditional\proc\p18F4680.asm
             ECCP1CONbits   0x000fba       data     extern C:\MCC18\v3_39\src\traditional\proc\p18F4680.asm
                 ECCP1DEL   0x000fb7       data     extern C:\MCC18\v3_39\src\traditional\proc\p18F4680.asm
             ECCP1DELbits   0x000fb7       data     extern C:\MCC18\v3_39\src\traditional\proc\p18F4680.asm
                   ECCPR1   0x000fbb       data     extern C:\MCC18\v3_39\src\traditional\proc\p18F4680.asm
                  ECCPR1H   0x000fbc       data     extern C:\MCC18\v3_39\src\traditional\proc\p18F4680.asm
                  ECCPR1L   0x000fbb       data     extern C:\MCC18\v3_39\src\traditional\proc\p18F4680.asm
                    EEADR   0x000fa9       data     extern C:\MCC18\v3_39\src\traditional\proc\p18F4680.asm
                   EEADRH   0x000faa       data     extern C:\MCC18\v3_39\src\traditional\proc\p18F4680.asm
                   EECON1   0x000fa6       data     extern C:\MCC18\v3_39\src\traditional\proc\p18F4680.asm
               EECON1bits   0x000fa6       data     extern C:\MCC18\v3_39\src\traditional\proc\p18F4680.asm
                   EECON2   0x000fa7       data     extern C:\MCC18\v3_39\src\traditional\proc\p18F4680.asm
                   EEDATA   0x000fa8       data     extern C:\MCC18\v3_39\src\traditional\proc\p18F4680.asm
                     FSR0   0x000fe9       data     extern C:\MCC18\v3_39\src\traditional\proc\p18F4680.asm
                    FSR0H   0x000fea       data     extern C:\MCC18\v3_39\src\traditional\proc\p18F4680.asm
                    FSR0L   0x000fe9       data     extern C:\MCC18\v3_39\src\traditional\proc\p18F4680.asm
                     FSR1   0x000fe1       data     extern C:\MCC18\v3_39\src\traditional\proc\p18F4680.asm
                    FSR1H   0x000fe2       data     extern C:\MCC18\v3_39\src\traditional\proc\p18F4680.asm
                    FSR1L   0x000fe1       data     extern C:\MCC18\v3_39\src\traditional\proc\p18F4680.asm
                     FSR2   0x000fd9       data     extern C:\MCC18\v3_39\src\traditional\proc\p18F4680.asm
                    FSR2H   0x000fda       data     extern C:\MCC18\v3_39\src\traditional\proc\p18F4680.asm
                    FSR2L   0x000fd9       data     extern C:\MCC18\v3_39\src\traditional\proc\p18F4680.asm
            Frequency_cmd   0x0001fe       data     extern C:\edocs\uC\ujprojects\szelepvezerlo\src\RF.c
                  HLVDCON   0x000fd2       data     extern C:\MCC18\v3_39\src\traditional\proc\p18F4680.asm
              HLVDCONbits   0x000fd2       data     extern C:\MCC18\v3_39\src\traditional\proc\p18F4680.asm
                 Humidity   0x00015c       data     extern C:\edocs\uC\ujprojects\szelepvezerlo\src\control.c
                    INDF0   0x000fef       data     extern C:\MCC18\v3_39\src\traditional\proc\p18F4680.asm
                    INDF1   0x000fe7       data     extern C:\MCC18\v3_39\src\traditional\proc\p18F4680.asm
                    INDF2   0x000fdf       data     extern C:\MCC18\v3_39\src\traditional\proc\p18F4680.asm
                   INTCON   0x000ff2       data     extern C:\MCC18\v3_39\src\traditional\proc\p18F4680.asm
                  INTCON2   0x000ff1       data     extern C:\MCC18\v3_39\src\traditional\proc\p18F4680.asm
              INTCON2bits   0x000ff1       data     extern C:\MCC18\v3_39\src\traditional\proc\p18F4680.asm
                  INTCON3   0x000ff0       data     extern C:\MCC18\v3_39\src\traditional\proc\p18F4680.asm
              INTCON3bits   0x000ff0       data     extern C:\MCC18\v3_39\src\traditional\proc\p18F4680.asm
               INTCONbits   0x000ff2       data     extern C:\MCC18\v3_39\src\traditional\proc\p18F4680.asm
                     IPR1   0x000f9f       data     extern C:\MCC18\v3_39\src\traditional\proc\p18F4680.asm
                 IPR1bits   0x000f9f       data     extern C:\MCC18\v3_39\src\traditional\proc\p18F4680.asm
                     IPR2   0x000fa2       data     extern C:\MCC18\v3_39\src\traditional\proc\p18F4680.asm
                 IPR2bits   0x000fa2       data     extern C:\MCC18\v3_39\src\traditional\proc\p18F4680.asm
                     IPR3   0x000fa5       data     extern C:\MCC18\v3_39\src\traditional\proc\p18F4680.asm
                 IPR3bits   0x000fa5       data     extern C:\MCC18\v3_39\src\traditional\proc\p18F4680.asm
                     LATA   0x000f89       data     extern C:\MCC18\v3_39\src\traditional\proc\p18F4680.asm
                 LATAbits   0x000f89       data     extern C:\MCC18\v3_39\src\traditional\proc\p18F4680.asm
                     LATB   0x000f8a       data     extern C:\MCC18\v3_39\src\traditional\proc\p18F4680.asm
                 LATBbits   0x000f8a       data     extern C:\MCC18\v3_39\src\traditional\proc\p18F4680.asm
                     LATC   0x000f8b       data     extern C:\MCC18\v3_39\src\traditional\proc\p18F4680.asm
                 LATCbits   0x000f8b       data     extern C:\MCC18\v3_39\src\traditional\proc\p18F4680.asm
                     LATD   0x000f8c       data     extern C:\MCC18\v3_39\src\traditional\proc\p18F4680.asm
                 LATDbits   0x000f8c       data     extern C:\MCC18\v3_39\src\traditional\proc\p18F4680.asm
                     LATE   0x000f8d       data     extern C:\MCC18\v3_39\src\traditional\proc\p18F4680.asm
                 LATEbits   0x000f8d       data     extern C:\MCC18\v3_39\src\traditional\proc\p18F4680.asm
                   LVDCON   0x000fd2       data     extern C:\MCC18\v3_39\src\traditional\proc\p18F4680.asm
               LVDCONbits   0x000fd2       data     extern C:\MCC18\v3_39\src\traditional\proc\p18F4680.asm
                    MSEL0   0x000df0       data     extern C:\MCC18\v3_39\src\traditional\proc\p18F4680.asm
                MSEL0bits   0x000df0       data     extern C:\MCC18\v3_39\src\traditional\proc\p18F4680.asm
                    MSEL1   0x000df1       data     extern C:\MCC18\v3_39\src\traditional\proc\p18F4680.asm
                MSEL1bits   0x000df1       data     extern C:\MCC18\v3_39\src\traditional\proc\p18F4680.asm
                    MSEL2   0x000df2       data     extern C:\MCC18\v3_39\src\traditional\proc\p18F4680.asm
                MSEL2bits   0x000df2       data     extern C:\MCC18\v3_39\src\traditional\proc\p18F4680.asm
                    MSEL3   0x000df3       data     extern C:\MCC18\v3_39\src\traditional\proc\p18F4680.asm
                MSEL3bits   0x000df3       data     extern C:\MCC18\v3_39\src\traditional\proc\p18F4680.asm
              MonthDaymax   0x0000d0       data     extern C:\edocs\uC\ujprojects\szelepvezerlo\src\control.c
                   OSCCON   0x000fd3       data     extern C:\MCC18\v3_39\src\traditional\proc\p18F4680.asm
               OSCCONbits   0x000fd3       data     extern C:\MCC18\v3_39\src\traditional\proc\p18F4680.asm
                  OSCTUNE   0x000f9b       data     extern C:\MCC18\v3_39\src\traditional\proc\p18F4680.asm
              OSCTUNEbits   0x000f9b       data     extern C:\MCC18\v3_39\src\traditional\proc\p18F4680.asm
                       PC   0x000ff9       data     extern C:\MCC18\v3_39\src\traditional\proc\p18F4680.asm
                      PCL   0x000ff9       data     extern C:\MCC18\v3_39\src\traditional\proc\p18F4680.asm
                   PCLATH   0x000ffa       data     extern C:\MCC18\v3_39\src\traditional\proc\p18F4680.asm
                   PCLATU   0x000ffb       data     extern C:\MCC18\v3_39\src\traditional\proc\p18F4680.asm
                     PIE1   0x000f9d       data     extern C:\MCC18\v3_39\src\traditional\proc\p18F4680.asm
                 PIE1bits   0x000f9d       data     extern C:\MCC18\v3_39\src\traditional\proc\p18F4680.asm
                     PIE2   0x000fa0       data     extern C:\MCC18\v3_39\src\traditional\proc\p18F4680.asm
                 PIE2bits   0x000fa0       data     extern C:\MCC18\v3_39\src\traditional\proc\p18F4680.asm
                     PIE3   0x000fa3       data     extern C:\MCC18\v3_39\src\traditional\proc\p18F4680.asm
                 PIE3bits   0x000fa3       data     extern C:\MCC18\v3_39\src\traditional\proc\p18F4680.asm
                     PIR1   0x000f9e       data     extern C:\MCC18\v3_39\src\traditional\proc\p18F4680.asm
                 PIR1bits   0x000f9e       data     extern C:\MCC18\v3_39\src\traditional\proc\p18F4680.asm
                     PIR2   0x000fa1       data     extern C:\MCC18\v3_39\src\traditional\proc\p18F4680.asm
                 PIR2bits   0x000fa1       data     extern C:\MCC18\v3_39\src\traditional\proc\p18F4680.asm
                     PIR3   0x000fa4       data     extern C:\MCC18\v3_39\src\traditional\proc\p18F4680.asm
                 PIR3bits   0x000fa4       data     extern C:\MCC18\v3_39\src\traditional\proc\p18F4680.asm
                   PLUSW0   0x000feb       data     extern C:\MCC18\v3_39\src\traditional\proc\p18F4680.asm
                   PLUSW1   0x000fe3       data     extern C:\MCC18\v3_39\src\traditional\proc\p18F4680.asm
                   PLUSW2   0x000fdb       data     extern C:\MCC18\v3_39\src\traditional\proc\p18F4680.asm
                    PORTA   0x000f80       data     extern C:\MCC18\v3_39\src\traditional\proc\p18F4680.asm
                PORTAbits   0x000f80       data     extern C:\MCC18\v3_39\src\traditional\proc\p18F4680.asm
                    PORTB   0x000f81       data     extern C:\MCC18\v3_39\src\traditional\proc\p18F4680.asm
                PORTBbits   0x000f81       data     extern C:\MCC18\v3_39\src\traditional\proc\p18F4680.asm
                    PORTC   0x000f82       data     extern C:\MCC18\v3_39\src\traditional\proc\p18F4680.asm
                PORTCbits   0x000f82       data     extern C:\MCC18\v3_39\src\traditional\proc\p18F4680.asm
                    PORTD   0x000f83       data     extern C:\MCC18\v3_39\src\traditional\proc\p18F4680.asm
                PORTDbits   0x000f83       data     extern C:\MCC18\v3_39\src\traditional\proc\p18F4680.asm
                    PORTE   0x000f84       data     extern C:\MCC18\v3_39\src\traditional\proc\p18F4680.asm
                PORTEbits   0x000f84       data     extern C:\MCC18\v3_39\src\traditional\proc\p18F4680.asm
                 POSTDEC0   0x000fed       data     extern C:\MCC18\v3_39\src\traditional\proc\p18F4680.asm
                 POSTDEC1   0x000fe5       data     extern C:\MCC18\v3_39\src\traditional\proc\p18F4680.asm
                 POSTDEC2   0x000fdd       data     extern C:\MCC18\v3_39\src\traditional\proc\p18F4680.asm
                 POSTINC0   0x000fee       data     extern C:\MCC18\v3_39\src\traditional\proc\p18F4680.asm
                 POSTINC1   0x000fe6       data     extern C:\MCC18\v3_39\src\traditional\proc\p18F4680.asm
                 POSTINC2   0x000fde       data     extern C:\MCC18\v3_39\src\traditional\proc\p18F4680.asm
                      PR2   0x000fcb       data     extern C:\MCC18\v3_39\src\traditional\proc\p18F4680.asm
                  PREINC0   0x000fec       data     extern C:\MCC18\v3_39\src\traditional\proc\p18F4680.asm
                  PREINC1   0x000fe4       data     extern C:\MCC18\v3_39\src\traditional\proc\p18F4680.asm
                  PREINC2   0x000fdc       data     extern C:\MCC18\v3_39\src\traditional\proc\p18F4680.asm
                     PROD   0x000ff3       data     extern C:\MCC18\v3_39\src\traditional\proc\p18F4680.asm
                    PRODH   0x000ff4       data     extern C:\MCC18\v3_39\src\traditional\proc\p18F4680.asm
                    PRODL   0x000ff3       data     extern C:\MCC18\v3_39\src\traditional\proc\p18F4680.asm
                     RCON   0x000fd0       data     extern C:\MCC18\v3_39\src\traditional\proc\p18F4680.asm
                 RCONbits   0x000fd0       data     extern C:\MCC18\v3_39\src\traditional\proc\p18F4680.asm
                    RCREG   0x000fae       data     extern C:\MCC18\v3_39\src\traditional\proc\p18F4680.asm
                    RCSTA   0x000fab       data     extern C:\MCC18\v3_39\src\traditional\proc\p18F4680.asm
                RCSTAbits   0x000fab       data     extern C:\MCC18\v3_39\src\traditional\proc\p18F4680.asm
                  RXB0CON   0x000f60       data     extern C:\MCC18\v3_39\src\traditional\proc\p18F4680.asm
              RXB0CONbits   0x000f60       data     extern C:\MCC18\v3_39\src\traditional\proc\p18F4680.asm
                   RXB0D0   0x000f66       data     extern C:\MCC18\v3_39\src\traditional\proc\p18F4680.asm
               RXB0D0bits   0x000f66       data     extern C:\MCC18\v3_39\src\traditional\proc\p18F4680.asm
                   RXB0D1   0x000f67       data     extern C:\MCC18\v3_39\src\traditional\proc\p18F4680.asm
               RXB0D1bits   0x000f67       data     extern C:\MCC18\v3_39\src\traditional\proc\p18F4680.asm
                   RXB0D2   0x000f68       data     extern C:\MCC18\v3_39\src\traditional\proc\p18F4680.asm
               RXB0D2bits   0x000f68       data     extern C:\MCC18\v3_39\src\traditional\proc\p18F4680.asm
                   RXB0D3   0x000f69       data     extern C:\MCC18\v3_39\src\traditional\proc\p18F4680.asm
               RXB0D3bits   0x000f69       data     extern C:\MCC18\v3_39\src\traditional\proc\p18F4680.asm
                   RXB0D4   0x000f6a       data     extern C:\MCC18\v3_39\src\traditional\proc\p18F4680.asm
               RXB0D4bits   0x000f6a       data     extern C:\MCC18\v3_39\src\traditional\proc\p18F4680.asm
                   RXB0D5   0x000f6b       data     extern C:\MCC18\v3_39\src\traditional\proc\p18F4680.asm
               RXB0D5bits   0x000f6b       data     extern C:\MCC18\v3_39\src\traditional\proc\p18F4680.asm
                   RXB0D6   0x000f6c       data     extern C:\MCC18\v3_39\src\traditional\proc\p18F4680.asm
               RXB0D6bits   0x000f6c       data     extern C:\MCC18\v3_39\src\traditional\proc\p18F4680.asm
                   RXB0D7   0x000f6d       data     extern C:\MCC18\v3_39\src\traditional\proc\p18F4680.asm
               RXB0D7bits   0x000f6d       data     extern C:\MCC18\v3_39\src\traditional\proc\p18F4680.asm
                  RXB0DLC   0x000f65       data     extern C:\MCC18\v3_39\src\traditional\proc\p18F4680.asm
              RXB0DLCbits   0x000f65       data     extern C:\MCC18\v3_39\src\traditional\proc\p18F4680.asm
                 RXB0EIDH   0x000f63       data     extern C:\MCC18\v3_39\src\traditional\proc\p18F4680.asm
             RXB0EIDHbits   0x000f63       data     extern C:\MCC18\v3_39\src\traditional\proc\p18F4680.asm
                 RXB0EIDL   0x000f64       data     extern C:\MCC18\v3_39\src\traditional\proc\p18F4680.asm
             RXB0EIDLbits   0x000f64       data     extern C:\MCC18\v3_39\src\traditional\proc\p18F4680.asm
                 RXB0SIDH   0x000f61       data     extern C:\MCC18\v3_39\src\traditional\proc\p18F4680.asm
             RXB0SIDHbits   0x000f61       data     extern C:\MCC18\v3_39\src\traditional\proc\p18F4680.asm
                 RXB0SIDL   0x000f62       data     extern C:\MCC18\v3_39\src\traditional\proc\p18F4680.asm
             RXB0SIDLbits   0x000f62       data     extern C:\MCC18\v3_39\src\traditional\proc\p18F4680.asm
                  RXB1CON   0x000f50       data     extern C:\MCC18\v3_39\src\traditional\proc\p18F4680.asm
              RXB1CONbits   0x000f50       data     extern C:\MCC18\v3_39\src\traditional\proc\p18F4680.asm
                   RXB1D0   0x000f56       data     extern C:\MCC18\v3_39\src\traditional\proc\p18F4680.asm
               RXB1D0bits   0x000f56       data     extern C:\MCC18\v3_39\src\traditional\proc\p18F4680.asm
                   RXB1D1   0x000f57       data     extern C:\MCC18\v3_39\src\traditional\proc\p18F4680.asm
               RXB1D1bits   0x000f57       data     extern C:\MCC18\v3_39\src\traditional\proc\p18F4680.asm
                   RXB1D2   0x000f58       data     extern C:\MCC18\v3_39\src\traditional\proc\p18F4680.asm
               RXB1D2bits   0x000f58       data     extern C:\MCC18\v3_39\src\traditional\proc\p18F4680.asm
                   RXB1D3   0x000f59       data     extern C:\MCC18\v3_39\src\traditional\proc\p18F4680.asm
               RXB1D3bits   0x000f59       data     extern C:\MCC18\v3_39\src\traditional\proc\p18F4680.asm
                   RXB1D4   0x000f5a       data     extern C:\MCC18\v3_39\src\traditional\proc\p18F4680.asm
               RXB1D4bits   0x000f5a       data     extern C:\MCC18\v3_39\src\traditional\proc\p18F4680.asm
                   RXB1D5   0x000f5b       data     extern C:\MCC18\v3_39\src\traditional\proc\p18F4680.asm
               RXB1D5bits   0x000f5b       data     extern C:\MCC18\v3_39\src\traditional\proc\p18F4680.asm
                   RXB1D6   0x000f5c       data     extern C:\MCC18\v3_39\src\traditional\proc\p18F4680.asm
               RXB1D6bits   0x000f5c       data     extern C:\MCC18\v3_39\src\traditional\proc\p18F4680.asm
                   RXB1D7   0x000f5d       data     extern C:\MCC18\v3_39\src\traditional\proc\p18F4680.asm
               RXB1D7bits   0x000f5d       data     extern C:\MCC18\v3_39\src\traditional\proc\p18F4680.asm
                  RXB1DLC   0x000f55       data     extern C:\MCC18\v3_39\src\traditional\proc\p18F4680.asm
              RXB1DLCbits   0x000f55       data     extern C:\MCC18\v3_39\src\traditional\proc\p18F4680.asm
                 RXB1EIDH   0x000f53       data     extern C:\MCC18\v3_39\src\traditional\proc\p18F4680.asm
             RXB1EIDHbits   0x000f53       data     extern C:\MCC18\v3_39\src\traditional\proc\p18F4680.asm
                 RXB1EIDL   0x000f54       data     extern C:\MCC18\v3_39\src\traditional\proc\p18F4680.asm
             RXB1EIDLbits   0x000f54       data     extern C:\MCC18\v3_39\src\traditional\proc\p18F4680.asm
                 RXB1SIDH   0x000f51       data     extern C:\MCC18\v3_39\src\traditional\proc\p18F4680.asm
             RXB1SIDHbits   0x000f51       data     extern C:\MCC18\v3_39\src\traditional\proc\p18F4680.asm
                 RXB1SIDL   0x000f52       data     extern C:\MCC18\v3_39\src\traditional\proc\p18F4680.asm
             RXB1SIDLbits   0x000f52       data     extern C:\MCC18\v3_39\src\traditional\proc\p18F4680.asm
                 RXERRCNT   0x000f75       data     extern C:\MCC18\v3_39\src\traditional\proc\p18F4680.asm
             RXERRCNTbits   0x000f75       data     extern C:\MCC18\v3_39\src\traditional\proc\p18F4680.asm
                 RXF0EIDH   0x000f02       data     extern C:\MCC18\v3_39\src\traditional\proc\p18F4680.asm
             RXF0EIDHbits   0x000f02       data     extern C:\MCC18\v3_39\src\traditional\proc\p18F4680.asm
                 RXF0EIDL   0x000f03       data     extern C:\MCC18\v3_39\src\traditional\proc\p18F4680.asm
             RXF0EIDLbits   0x000f03       data     extern C:\MCC18\v3_39\src\traditional\proc\p18F4680.asm
                 RXF0SIDH   0x000f00       data     extern C:\MCC18\v3_39\src\traditional\proc\p18F4680.asm
             RXF0SIDHbits   0x000f00       data     extern C:\MCC18\v3_39\src\traditional\proc\p18F4680.asm
                 RXF0SIDL   0x000f01       data     extern C:\MCC18\v3_39\src\traditional\proc\p18F4680.asm
             RXF0SIDLbits   0x000f01       data     extern C:\MCC18\v3_39\src\traditional\proc\p18F4680.asm
                RXF10EIDH   0x000d76       data     extern C:\MCC18\v3_39\src\traditional\proc\p18F4680.asm
            RXF10EIDHbits   0x000d76       data     extern C:\MCC18\v3_39\src\traditional\proc\p18F4680.asm
                RXF10EIDL   0x000d77       data     extern C:\MCC18\v3_39\src\traditional\proc\p18F4680.asm
            RXF10EIDLbits   0x000d77       data     extern C:\MCC18\v3_39\src\traditional\proc\p18F4680.asm
                RXF10SIDH   0x000d74       data     extern C:\MCC18\v3_39\src\traditional\proc\p18F4680.asm
            RXF10SIDHbits   0x000d74       data     extern C:\MCC18\v3_39\src\traditional\proc\p18F4680.asm
                RXF10SIDL   0x000d75       data     extern C:\MCC18\v3_39\src\traditional\proc\p18F4680.asm
            RXF10SIDLbits   0x000d75       data     extern C:\MCC18\v3_39\src\traditional\proc\p18F4680.asm
                RXF11EIDH   0x000d7a       data     extern C:\MCC18\v3_39\src\traditional\proc\p18F4680.asm
            RXF11EIDHbits   0x000d7a       data     extern C:\MCC18\v3_39\src\traditional\proc\p18F4680.asm
                RXF11EIDL   0x000d7b       data     extern C:\MCC18\v3_39\src\traditional\proc\p18F4680.asm
            RXF11EIDLbits   0x000d7b       data     extern C:\MCC18\v3_39\src\traditional\proc\p18F4680.asm
[...]
                PORTDbits   0x000f83       data     extern C:\MCC18\v3_39\src\traditional\proc\p18F4680.asm
                    PORTD   0x000f83       data     extern C:\MCC18\v3_39\src\traditional\proc\p18F4680.asm
                    PORTE   0x000f84       data     extern C:\MCC18\v3_39\src\traditional\proc\p18F4680.asm
                PORTEbits   0x000f84       data     extern C:\MCC18\v3_39\src\traditional\proc\p18F4680.asm
                     LATA   0x000f89       data     extern C:\MCC18\v3_39\src\traditional\proc\p18F4680.asm
                 LATAbits   0x000f89       data     extern C:\MCC18\v3_39\src\traditional\proc\p18F4680.asm
                     LATB   0x000f8a       data     extern C:\MCC18\v3_39\src\traditional\proc\p18F4680.asm
                 LATBbits   0x000f8a       data     extern C:\MCC18\v3_39\src\traditional\proc\p18F4680.asm
                     LATC   0x000f8b       data     extern C:\MCC18\v3_39\src\traditional\proc\p18F4680.asm
                 LATCbits   0x000f8b       data     extern C:\MCC18\v3_39\src\traditional\proc\p18F4680.asm
                     LATD   0x000f8c       data     extern C:\MCC18\v3_39\src\traditional\proc\p18F4680.asm
                 LATDbits   0x000f8c       data     extern C:\MCC18\v3_39\src\traditional\proc\p18F4680.asm
                 LATEbits   0x000f8d       data     extern C:\MCC18\v3_39\src\traditional\proc\p18F4680.asm
                     LATE   0x000f8d       data     extern C:\MCC18\v3_39\src\traditional\proc\p18F4680.asm
                     DDRA   0x000f92       data     extern C:\MCC18\v3_39\src\traditional\proc\p18F4680.asm
                 DDRAbits   0x000f92       data     extern C:\MCC18\v3_39\src\traditional\proc\p18F4680.asm
                    TRISA   0x000f92       data     extern C:\MCC18\v3_39\src\traditional\proc\p18F4680.asm
                TRISAbits   0x000f92       data     extern C:\MCC18\v3_39\src\traditional\proc\p18F4680.asm
                     DDRB   0x000f93       data     extern C:\MCC18\v3_39\src\traditional\proc\p18F4680.asm
                 DDRBbits   0x000f93       data     extern C:\MCC18\v3_39\src\traditional\proc\p18F4680.asm
                    TRISB   0x000f93       data     extern C:\MCC18\v3_39\src\traditional\proc\p18F4680.asm
                TRISBbits   0x000f93       data     extern C:\MCC18\v3_39\src\traditional\proc\p18F4680.asm
                    TRISC   0x000f94       data     extern C:\MCC18\v3_39\src\traditional\proc\p18F4680.asm
                TRISCbits   0x000f94       data     extern C:\MCC18\v3_39\src\traditional\proc\p18F4680.asm
                     DDRC   0x000f94       data     extern C:\MCC18\v3_39\src\traditional\proc\p18F4680.asm
                 DDRCbits   0x000f94       data     extern C:\MCC18\v3_39\src\traditional\proc\p18F4680.asm
                TRISDbits   0x000f95       data     extern C:\MCC18\v3_39\src\traditional\proc\p18F4680.asm
                    TRISD   0x000f95       data     extern C:\MCC18\v3_39\src\traditional\proc\p18F4680.asm
                     DDRD   0x000f95       data     extern C:\MCC18\v3_39\src\traditional\proc\p18F4680.asm
                 DDRDbits   0x000f95       data     extern C:\MCC18\v3_39\src\traditional\proc\p18F4680.asm
                     DDRE   0x000f96       data     extern C:\MCC18\v3_39\src\traditional\proc\p18F4680.asm
                 DDREbits   0x000f96       data     extern C:\MCC18\v3_39\src\traditional\proc\p18F4680.asm
                    TRISE   0x000f96       data     extern C:\MCC18\v3_39\src\traditional\proc\p18F4680.asm
                TRISEbits   0x000f96       data     extern C:\MCC18\v3_39\src\traditional\proc\p18F4680.asm
              OSCTUNEbits   0x000f9b       data     extern C:\MCC18\v3_39\src\traditional\proc\p18F4680.asm
                  OSCTUNE   0x000f9b       data     extern C:\MCC18\v3_39\src\traditional\proc\p18F4680.asm
                 PIE1bits   0x000f9d       data     extern C:\MCC18\v3_39\src\traditional\proc\p18F4680.asm
                     PIE1   0x000f9d       data     extern C:\MCC18\v3_39\src\traditional\proc\p18F4680.asm
                 PIR1bits   0x000f9e       data     extern C:\MCC18\v3_39\src\traditional\proc\p18F4680.asm
                     PIR1   0x000f9e       data     extern C:\MCC18\v3_39\src\traditional\proc\p18F4680.asm
                 IPR1bits   0x000f9f       data     extern C:\MCC18\v3_39\src\traditional\proc\p18F4680.asm
                     IPR1   0x000f9f       data     extern C:\MCC18\v3_39\src\traditional\proc\p18F4680.asm
                     PIE2   0x000fa0       data     extern C:\MCC18\v3_39\src\traditional\proc\p18F4680.asm
                 PIE2bits   0x000fa0       data     extern C:\MCC18\v3_39\src\traditional\proc\p18F4680.asm
                     PIR2   0x000fa1       data     extern C:\MCC18\v3_39\src\traditional\proc\p18F4680.asm
                 PIR2bits   0x000fa1       data     extern C:\MCC18\v3_39\src\traditional\proc\p18F4680.asm
                 IPR2bits   0x000fa2       data     extern C:\MCC18\v3_39\src\traditional\proc\p18F4680.asm
                     IPR2   0x000fa2       data     extern C:\MCC18\v3_39\src\traditional\proc\p18F4680.asm
                     PIE3   0x000fa3       data     extern C:\MCC18\v3_39\src\traditional\proc\p18F4680.asm
                 PIE3bits   0x000fa3       data     extern C:\MCC18\v3_39\src\traditional\proc\p18F4680.asm
                 PIR3bits   0x000fa4       data     extern C:\MCC18\v3_39\src\traditional\proc\p18F4680.asm
                     PIR3   0x000fa4       data     extern C:\MCC18\v3_39\src\traditional\proc\p18F4680.asm
                 IPR3bits   0x000fa5       data     extern C:\MCC18\v3_39\src\traditional\proc\p18F4680.asm
                     IPR3   0x000fa5       data     extern C:\MCC18\v3_39\src\traditional\proc\p18F4680.asm
                   EECON1   0x000fa6       data     extern C:\MCC18\v3_39\src\traditional\proc\p18F4680.asm
               EECON1bits   0x000fa6       data     extern C:\MCC18\v3_39\src\traditional\proc\p18F4680.asm
                   EECON2   0x000fa7       data     extern C:\MCC18\v3_39\src\traditional\proc\p18F4680.asm
                   EEDATA   0x000fa8       data     extern C:\MCC18\v3_39\src\traditional\proc\p18F4680.asm
                    EEADR   0x000fa9       data     extern C:\MCC18\v3_39\src\traditional\proc\p18F4680.asm
                   EEADRH   0x000faa       data     extern C:\MCC18\v3_39\src\traditional\proc\p18F4680.asm
                RCSTAbits   0x000fab       data     extern C:\MCC18\v3_39\src\traditional\proc\p18F4680.asm
                    RCSTA   0x000fab       data     extern C:\MCC18\v3_39\src\traditional\proc\p18F4680.asm
                TXSTAbits   0x000fac       data     extern C:\MCC18\v3_39\src\traditional\proc\p18F4680.asm
                    TXSTA   0x000fac       data     extern C:\MCC18\v3_39\src\traditional\proc\p18F4680.asm
                    TXREG   0x000fad       data     extern C:\MCC18\v3_39\src\traditional\proc\p18F4680.asm
                    RCREG   0x000fae       data     extern C:\MCC18\v3_39\src\traditional\proc\p18F4680.asm
                    SPBRG   0x000faf       data     extern C:\MCC18\v3_39\src\traditional\proc\p18F4680.asm
                   SPBRGH   0x000fb0       data     extern C:\MCC18\v3_39\src\traditional\proc\p18F4680.asm
                T3CONbits   0x000fb1       data     extern C:\MCC18\v3_39\src\traditional\proc\p18F4680.asm
                    T3CON   0x000fb1       data     extern C:\MCC18\v3_39\src\traditional\proc\p18F4680.asm
                    TMR3L   0x000fb2       data     extern C:\MCC18\v3_39\src\traditional\proc\p18F4680.asm
                    TMR3H   0x000fb3       data     extern C:\MCC18\v3_39\src\traditional\proc\p18F4680.asm
                    CMCON   0x000fb4       data     extern C:\MCC18\v3_39\src\traditional\proc\p18F4680.asm
                CMCONbits   0x000fb4       data     extern C:\MCC18\v3_39\src\traditional\proc\p18F4680.asm
                   CVRCON   0x000fb5       data     extern C:\MCC18\v3_39\src\traditional\proc\p18F4680.asm
               CVRCONbits   0x000fb5       data     extern C:\MCC18\v3_39\src\traditional\proc\p18F4680.asm
              ECCP1ASbits   0x000fb6       data     extern C:\MCC18\v3_39\src\traditional\proc\p18F4680.asm
                  ECCP1AS   0x000fb6       data     extern C:\MCC18\v3_39\src\traditional\proc\p18F4680.asm
                 ECCP1DEL   0x000fb7       data     extern C:\MCC18\v3_39\src\traditional\proc\p18F4680.asm
             ECCP1DELbits   0x000fb7       data     extern C:\MCC18\v3_39\src\traditional\proc\p18F4680.asm
                  BAUDCON   0x000fb8       data     extern C:\MCC18\v3_39\src\traditional\proc\p18F4680.asm
              BAUDCONbits   0x000fb8       data     extern C:\MCC18\v3_39\src\traditional\proc\p18F4680.asm
                  BAUDCTL   0x000fb8       data     extern C:\MCC18\v3_39\src\traditional\proc\p18F4680.asm
              BAUDCTLbits   0x000fb8       data     extern C:\MCC18\v3_39\src\traditional\proc\p18F4680.asm
                 ECCP1CON   0x000fba       data     extern C:\MCC18\v3_39\src\traditional\proc\p18F4680.asm
             ECCP1CONbits   0x000fba       data     extern C:\MCC18\v3_39\src\traditional\proc\p18F4680.asm
                  ECCPR1L   0x000fbb       data     extern C:\MCC18\v3_39\src\traditional\proc\p18F4680.asm
                   ECCPR1   0x000fbb       data     extern C:\MCC18\v3_39\src\traditional\proc\p18F4680.asm
                  ECCPR1H   0x000fbc       data     extern C:\MCC18\v3_39\src\traditional\proc\p18F4680.asm
                  CCP1CON   0x000fbd       data     extern C:\MCC18\v3_39\src\traditional\proc\p18F4680.asm
              CCP1CONbits   0x000fbd       data     extern C:\MCC18\v3_39\src\traditional\proc\p18F4680.asm
                    CCPR1   0x000fbe       data     extern C:\MCC18\v3_39\src\traditional\proc\p18F4680.asm
                   CCPR1L   0x000fbe       data     extern C:\MCC18\v3_39\src\traditional\proc\p18F4680.asm
                   CCPR1H   0x000fbf       data     extern C:\MCC18\v3_39\src\traditional\proc\p18F4680.asm
               ADCON2bits   0x000fc0       data     extern C:\MCC18\v3_39\src\traditional\proc\p18F4680.asm
                   ADCON2   0x000fc0       data     extern C:\MCC18\v3_39\src\traditional\proc\p18F4680.asm
               ADCON1bits   0x000fc1       data     extern C:\MCC18\v3_39\src\traditional\proc\p18F4680.asm
                   ADCON1   0x000fc1       data     extern C:\MCC18\v3_39\src\traditional\proc\p18F4680.asm
               ADCON0bits   0x000fc2       data     extern C:\MCC18\v3_39\src\traditional\proc\p18F4680.asm
                   ADCON0   0x000fc2       data     extern C:\MCC18\v3_39\src\traditional\proc\p18F4680.asm
                    ADRES   0x000fc3       data     extern C:\MCC18\v3_39\src\traditional\proc\p18F4680.asm
                   ADRESL   0x000fc3       data     extern C:\MCC18\v3_39\src\traditional\proc\p18F4680.asm
                   ADRESH   0x000fc4       data     extern C:\MCC18\v3_39\src\traditional\proc\p18F4680.asm
                  SSPCON2   0x000fc5       data     extern C:\MCC18\v3_39\src\traditional\proc\p18F4680.asm
              SSPCON2bits   0x000fc5       data     extern C:\MCC18\v3_39\src\traditional\proc\p18F4680.asm
                  SSPCON1   0x000fc6       data     extern C:\MCC18\v3_39\src\traditional\proc\p18F4680.asm
              SSPCON1bits   0x000fc6       data     extern C:\MCC18\v3_39\src\traditional\proc\p18F4680.asm
              SSPSTATbits   0x000fc7       data     extern C:\MCC18\v3_39\src\traditional\proc\p18F4680.asm
                  SSPSTAT   0x000fc7       data     extern C:\MCC18\v3_39\src\traditional\proc\p18F4680.asm
                   SSPADD   0x000fc8       data     extern C:\MCC18\v3_39\src\traditional\proc\p18F4680.asm
                   SSPBUF   0x000fc9       data     extern C:\MCC18\v3_39\src\traditional\proc\p18F4680.asm
                    T2CON   0x000fca       data     extern C:\MCC18\v3_39\src\traditional\proc\p18F4680.asm
                T2CONbits   0x000fca       data     extern C:\MCC18\v3_39\src\traditional\proc\p18F4680.asm
                      PR2   0x000fcb       data     extern C:\MCC18\v3_39\src\traditional\proc\p18F4680.asm
                     TMR2   0x000fcc       data     extern C:\MCC18\v3_39\src\traditional\proc\p18F4680.asm
                T1CONbits   0x000fcd       data     extern C:\MCC18\v3_39\src\traditional\proc\p18F4680.asm
                    T1CON   0x000fcd       data     extern C:\MCC18\v3_39\src\traditional\proc\p18F4680.asm
                    TMR1L   0x000fce       data     extern C:\MCC18\v3_39\src\traditional\proc\p18F4680.asm
                    TMR1H   0x000fcf       data     extern C:\MCC18\v3_39\src\traditional\proc\p18F4680.asm
                 RCONbits   0x000fd0       data     extern C:\MCC18\v3_39\src\traditional\proc\p18F4680.asm
                     RCON   0x000fd0       data     extern C:\MCC18\v3_39\src\traditional\proc\p18F4680.asm
                   WDTCON   0x000fd1       data     extern C:\MCC18\v3_39\src\traditional\proc\p18F4680.asm
               WDTCONbits   0x000fd1       data     extern C:\MCC18\v3_39\src\traditional\proc\p18F4680.asm
                   LVDCON   0x000fd2       data     extern C:\MCC18\v3_39\src\traditional\proc\p18F4680.asm
               LVDCONbits   0x000fd2       data     extern C:\MCC18\v3_39\src\traditional\proc\p18F4680.asm
              HLVDCONbits   0x000fd2       data     extern C:\MCC18\v3_39\src\traditional\proc\p18F4680.asm
                  HLVDCON   0x000fd2       data     extern C:\MCC18\v3_39\src\traditional\proc\p18F4680.asm
               OSCCONbits   0x000fd3       data     extern C:\MCC18\v3_39\src\traditional\proc\p18F4680.asm
                   OSCCON   0x000fd3       data     extern C:\MCC18\v3_39\src\traditional\proc\p18F4680.asm
                T0CONbits   0x000fd5       data     extern C:\MCC18\v3_39\src\traditional\proc\p18F4680.asm
                    T0CON   0x000fd5       data     extern C:\MCC18\v3_39\src\traditional\proc\p18F4680.asm
                    TMR0L   0x000fd6       data     extern C:\MCC18\v3_39\src\traditional\proc\p18F4680.asm
                    TMR0H   0x000fd7       data     extern C:\MCC18\v3_39\src\traditional\proc\p18F4680.asm
               STATUSbits   0x000fd8       data     extern C:\MCC18\v3_39\src\traditional\proc\p18F4680.asm
                   STATUS   0x000fd8       data     extern C:\MCC18\v3_39\src\traditional\proc\p18F4680.asm
                    FSR2L   0x000fd9       data     extern C:\MCC18\v3_39\src\traditional\proc\p18F4680.asm
                     FSR2   0x000fd9       data     extern C:\MCC18\v3_39\src\traditional\proc\p18F4680.asm
                    FSR2H   0x000fda       data     extern C:\MCC18\v3_39\src\traditional\proc\p18F4680.asm
                   PLUSW2   0x000fdb       data     extern C:\MCC18\v3_39\src\traditional\proc\p18F4680.asm
                  PREINC2   0x000fdc       data     extern C:\MCC18\v3_39\src\traditional\proc\p18F4680.asm
                 POSTDEC2   0x000fdd       data     extern C:\MCC18\v3_39\src\traditional\proc\p18F4680.asm
                 POSTINC2   0x000fde       data     extern C:\MCC18\v3_39\src\traditional\proc\p18F4680.asm
                    INDF2   0x000fdf       data     extern C:\MCC18\v3_39\src\traditional\proc\p18F4680.asm
                      BSR   0x000fe0       data     extern C:\MCC18\v3_39\src\traditional\proc\p18F4680.asm
                     FSR1   0x000fe1       data     extern C:\MCC18\v3_39\src\traditional\proc\p18F4680.asm
                    FSR1L   0x000fe1       data     extern C:\MCC18\v3_39\src\traditional\proc\p18F4680.asm
                    FSR1H   0x000fe2       data     extern C:\MCC18\v3_39\src\traditional\proc\p18F4680.asm
                   PLUSW1   0x000fe3       data     extern C:\MCC18\v3_39\src\traditional\proc\p18F4680.asm
                  PREINC1   0x000fe4       data     extern C:\MCC18\v3_39\src\traditional\proc\p18F4680.asm
                 POSTDEC1   0x000fe5       data     extern C:\MCC18\v3_39\src\traditional\proc\p18F4680.asm
                 POSTINC1   0x000fe6       data     extern C:\MCC18\v3_39\src\traditional\proc\p18F4680.asm
                    INDF1   0x000fe7       data     extern C:\MCC18\v3_39\src\traditional\proc\p18F4680.asm
                     WREG   0x000fe8       data     extern C:\MCC18\v3_39\src\traditional\proc\p18F4680.asm
                    FSR0L   0x000fe9       data     extern C:\MCC18\v3_39\src\traditional\proc\p18F4680.asm
                     FSR0   0x000fe9       data     extern C:\MCC18\v3_39\src\traditional\proc\p18F4680.asm
                    FSR0H   0x000fea       data     extern C:\MCC18\v3_39\src\traditional\proc\p18F4680.asm
                   PLUSW0   0x000feb       data     extern C:\MCC18\v3_39\src\traditional\proc\p18F4680.asm
                  PREINC0   0x000fec       data     extern C:\MCC18\v3_39\src\traditional\proc\p18F4680.asm
                 POSTDEC0   0x000fed       data     extern C:\MCC18\v3_39\src\traditional\proc\p18F4680.asm
                 POSTINC0   0x000fee       data     extern C:\MCC18\v3_39\src\traditional\proc\p18F4680.asm
                    INDF0   0x000fef       data     extern C:\MCC18\v3_39\src\traditional\proc\p18F4680.asm
              INTCON3bits   0x000ff0       data     extern C:\MCC18\v3_39\src\traditional\proc\p18F4680.asm
                  INTCON3   0x000ff0       data     extern C:\MCC18\v3_39\src\traditional\proc\p18F4680.asm
                  INTCON2   0x000ff1       data     extern C:\MCC18\v3_39\src\traditional\proc\p18F4680.asm
              INTCON2bits   0x000ff1       data     extern C:\MCC18\v3_39\src\traditional\proc\p18F4680.asm
               INTCONbits   0x000ff2       data     extern C:\MCC18\v3_39\src\traditional\proc\p18F4680.asm
                   INTCON   0x000ff2       data     extern C:\MCC18\v3_39\src\traditional\proc\p18F4680.asm
                    PRODL   0x000ff3       data     extern C:\MCC18\v3_39\src\traditional\proc\p18F4680.asm
                     PROD   0x000ff3       data     extern C:\MCC18\v3_39\src\traditional\proc\p18F4680.asm
                    PRODH   0x000ff4       data     extern C:\MCC18\v3_39\src\traditional\proc\p18F4680.asm
                   TABLAT   0x000ff5       data     extern C:\MCC18\v3_39\src\traditional\proc\p18F4680.asm
                  TBLPTRL   0x000ff6       data     extern C:\MCC18\v3_39\src\traditional\proc\p18F4680.asm
                   TBLPTR   0x000ff6       data     extern C:\MCC18\v3_39\src\traditional\proc\p18F4680.asm
                  TBLPTRH   0x000ff7       data     extern C:\MCC18\v3_39\src\traditional\proc\p18F4680.asm
                  TBLPTRU   0x000ff8       data     extern C:\MCC18\v3_39\src\traditional\proc\p18F4680.asm
                      PCL   0x000ff9       data     extern C:\MCC18\v3_39\src\traditional\proc\p18F4680.asm
                       PC   0x000ff9       data     extern C:\MCC18\v3_39\src\traditional\proc\p18F4680.asm
                   PCLATH   0x000ffa       data     extern C:\MCC18\v3_39\src\traditional\proc\p18F4680.asm
                   PCLATU   0x000ffb       data     extern C:\MCC18\v3_39\src\traditional\proc\p18F4680.asm
                   STKPTR   0x000ffc       data     extern C:\MCC18\v3_39\src\traditional\proc\p18F4680.asm
               STKPTRbits   0x000ffc       data     extern C:\MCC18\v3_39\src\traditional\proc\p18F4680.asm
                     TOSL   0x000ffd       data     extern C:\MCC18\v3_39\src\traditional\proc\p18F4680.asm
                      TOS   0x000ffd       data     extern C:\MCC18\v3_39\src\traditional\proc\p18F4680.asm
                     TOSH   0x000ffe       data     extern C:\MCC18\v3_39\src\traditional\proc\p18F4680.asm
                     TOSU   0x000fff       data     extern C:\MCC18\v3_39\src\traditional\proc\p18F4680.asm


